<html>
<body>
<pre>
<h1>µVision Build Log</h1>
<h2>Tool Versions:</h2>
IDE-Version: µVision V5.38.0.0
Copyright (C) 2022 ARM Ltd and ARM Germany GmbH. All rights reserved.
License Information: afer arm, odtü, LIC=----
 
Tool Versions:
Toolchain:       MDK-Lite  Version: 5.38.0.0
Toolchain Path:  C:\Keil_v5\ARM\ARMCLANG\Bin
C Compiler:      ArmClang.exe V6.19
Assembler:       Armasm.exe V6.19
Linker/Locator:  ArmLink.exe V6.19
Library Manager: ArmAr.exe V6.19
Hex Converter:   FromElf.exe V6.19
CPU DLL:         SARMCM3.DLL V5.38.0.0
Dialog DLL:      DCM.DLL V1.17.5.0
Target DLL:      lmidk-agdi.dll V???
Dialog DLL:      TCM.DLL V1.56.4.0
 
<h2>Project:</h2>
C:\Users\AferOlkay\Desktop\EE4_1\EE447\ProjectWork\WaterLevelController\deneme.uvprojx
Project File Date:  01/04/2023

<h2>Output:</h2>
*** Using Compiler 'V6.19', folder: 'C:\Keil_v5\ARM\ARMCLANG\Bin'
Build target 'Target 1'
main.c(1): warning: In file included from...
./SW_Init.h(4): warning: In file included from...
C:/Users/AferOlkay/AppData/Local/Arm/Packs/Keil/TM4C_DFP/1.1.0/Device/Include/TM4C123\TM4C123GH6PM.h(298): warning: anonymous unions are a C11 extension [-Wc11-extensions]
  union {
  ^
C:/Users/AferOlkay/AppData/Local/Arm/Packs/Keil/TM4C_DFP/1.1.0/Device/Include/TM4C123\TM4C123GH6PM.h(338): warning: anonymous unions are a C11 extension [-Wc11-extensions]
  union {
  ^
C:/Users/AferOlkay/AppData/Local/Arm/Packs/Keil/TM4C_DFP/1.1.0/Device/Include/TM4C123\TM4C123GH6PM.h(357): warning: anonymous unions are a C11 extension [-Wc11-extensions]
  union {
  ^
C:/Users/AferOlkay/AppData/Local/Arm/Packs/Keil/TM4C_DFP/1.1.0/Device/Include/TM4C123\TM4C123GH6PM.h(713): warning: anonymous unions are a C11 extension [-Wc11-extensions]
  union {
  ^
C:/Users/AferOlkay/AppData/Local/Arm/Packs/Keil/TM4C_DFP/1.1.0/Device/Include/TM4C123\TM4C123GH6PM.h(729): warning: anonymous unions are a C11 extension [-Wc11-extensions]
  union {
  ^
C:/Users/AferOlkay/AppData/Local/Arm/Packs/Keil/TM4C_DFP/1.1.0/Device/Include/TM4C123\TM4C123GH6PM.h(774): warning: anonymous unions are a C11 extension [-Wc11-extensions]
  union {
  ^
C:/Users/AferOlkay/AppData/Local/Arm/Packs/Keil/TM4C_DFP/1.1.0/Device/Include/TM4C123\TM4C123GH6PM.h(779): warning: anonymous unions are a C11 extension [-Wc11-extensions]
  union {
  ^
C:/Users/AferOlkay/AppData/Local/Arm/Packs/Keil/TM4C_DFP/1.1.0/Device/Include/TM4C123\TM4C123GH6PM.h(872): warning: anonymous unions are a C11 extension [-Wc11-extensions]
  union {
  ^
C:/Users/AferOlkay/AppData/Local/Arm/Packs/Keil/TM4C_DFP/1.1.0/Device/Include/TM4C123\TM4C123GH6PM.h(885): warning: anonymous unions are a C11 extension [-Wc11-extensions]
  union {
  ^
C:/Users/AferOlkay/AppData/Local/Arm/Packs/Keil/TM4C_DFP/1.1.0/Device/Include/TM4C123\TM4C123GH6PM.h(892): warning: anonymous unions are a C11 extension [-Wc11-extensions]
  union {
  ^
C:/Users/AferOlkay/AppData/Local/Arm/Packs/Keil/TM4C_DFP/1.1.0/Device/Include/TM4C123\TM4C123GH6PM.h(897): warning: anonymous unions are a C11 extension [-Wc11-extensions]
  union {
  ^
C:/Users/AferOlkay/AppData/Local/Arm/Packs/Keil/TM4C_DFP/1.1.0/Device/Include/TM4C123\TM4C123GH6PM.h(904): warning: anonymous unions are a C11 extension [-Wc11-extensions]
  union {
  ^
C:/Users/AferOlkay/AppData/Local/Arm/Packs/Keil/TM4C_DFP/1.1.0/Device/Include/TM4C123\TM4C123GH6PM.h(910): warning: anonymous unions are a C11 extension [-Wc11-extensions]
  union {
  ^
C:/Users/AferOlkay/AppData/Local/Arm/Packs/Keil/TM4C_DFP/1.1.0/Device/Include/TM4C123\TM4C123GH6PM.h(917): warning: anonymous unions are a C11 extension [-Wc11-extensions]
  union {
  ^
C:/Users/AferOlkay/AppData/Local/Arm/Packs/Keil/TM4C_DFP/1.1.0/Device/Include/TM4C123\TM4C123GH6PM.h(924): warning: anonymous unions are a C11 extension [-Wc11-extensions]
  union {
  ^
C:/Users/AferOlkay/AppData/Local/Arm/Packs/Keil/TM4C_DFP/1.1.0/Device/Include/TM4C123\TM4C123GH6PM.h(929): warning: anonymous unions are a C11 extension [-Wc11-extensions]
  union {
  ^
C:/Users/AferOlkay/AppData/Local/Arm/Packs/Keil/TM4C_DFP/1.1.0/Device/Include/TM4C123\TM4C123GH6PM.h(936): warning: anonymous unions are a C11 extension [-Wc11-extensions]
  union {
  ^
C:/Users/AferOlkay/AppData/Local/Arm/Packs/Keil/TM4C_DFP/1.1.0/Device/Include/TM4C123\TM4C123GH6PM.h(942): warning: anonymous unions are a C11 extension [-Wc11-extensions]
  union {
  ^
C:/Users/AferOlkay/AppData/Local/Arm/Packs/Keil/TM4C_DFP/1.1.0/Device/Include/TM4C123\TM4C123GH6PM.h(949): warning: anonymous unions are a C11 extension [-Wc11-extensions]
  union {
  ^
C:/Users/AferOlkay/AppData/Local/Arm/Packs/Keil/TM4C_DFP/1.1.0/Device/Include/TM4C123\TM4C123GH6PM.h(956): warning: anonymous unions are a C11 extension [-Wc11-extensions]
  union {
  ^
C:/Users/AferOlkay/AppData/Local/Arm/Packs/Keil/TM4C_DFP/1.1.0/Device/Include/TM4C123\TM4C123GH6PM.h(961): warning: anonymous unions are a C11 extension [-Wc11-extensions]
  union {
  ^
C:/Users/AferOlkay/AppData/Local/Arm/Packs/Keil/TM4C_DFP/1.1.0/Device/Include/TM4C123\TM4C123GH6PM.h(968): warning: anonymous unions are a C11 extension [-Wc11-extensions]
  union {
  ^
C:/Users/AferOlkay/AppData/Local/Arm/Packs/Keil/TM4C_DFP/1.1.0/Device/Include/TM4C123\TM4C123GH6PM.h(974): warning: anonymous unions are a C11 extension [-Wc11-extensions]
  union {
  ^
C:/Users/AferOlkay/AppData/Local/Arm/Packs/Keil/TM4C_DFP/1.1.0/Device/Include/TM4C123\TM4C123GH6PM.h(981): warning: anonymous unions are a C11 extension [-Wc11-extensions]
  union {
  ^
C:/Users/AferOlkay/AppData/Local/Arm/Packs/Keil/TM4C_DFP/1.1.0/Device/Include/TM4C123\TM4C123GH6PM.h(988): warning: anonymous unions are a C11 extension [-Wc11-extensions]
  union {
  ^
C:/Users/AferOlkay/AppData/Local/Arm/Packs/Keil/TM4C_DFP/1.1.0/Device/Include/TM4C123\TM4C123GH6PM.h(993): warning: anonymous unions are a C11 extension [-Wc11-extensions]
  union {
  ^
C:/Users/AferOlkay/AppData/Local/Arm/Packs/Keil/TM4C_DFP/1.1.0/Device/Include/TM4C123\TM4C123GH6PM.h(1000): warning: anonymous unions are a C11 extension [-Wc11-extensions]
  union {
  ^
C:/Users/AferOlkay/AppData/Local/Arm/Packs/Keil/TM4C_DFP/1.1.0/Device/Include/TM4C123\TM4C123GH6PM.h(1006): warning: anonymous unions are a C11 extension [-Wc11-extensions]
  union {
  ^
C:/Users/AferOlkay/AppData/Local/Arm/Packs/Keil/TM4C_DFP/1.1.0/Device/Include/TM4C123\TM4C123GH6PM.h(1013): warning: anonymous unions are a C11 extension [-Wc11-extensions]
  union {
  ^
C:/Users/AferOlkay/AppData/Local/Arm/Packs/Keil/TM4C_DFP/1.1.0/Device/Include/TM4C123\TM4C123GH6PM.h(1020): warning: anonymous unions are a C11 extension [-Wc11-extensions]
  union {
  ^
C:/Users/AferOlkay/AppData/Local/Arm/Packs/Keil/TM4C_DFP/1.1.0/Device/Include/TM4C123\TM4C123GH6PM.h(1025): warning: anonymous unions are a C11 extension [-Wc11-extensions]
  union {
  ^
C:/Users/AferOlkay/AppData/Local/Arm/Packs/Keil/TM4C_DFP/1.1.0/Device/Include/TM4C123\TM4C123GH6PM.h(1032): warning: anonymous unions are a C11 extension [-Wc11-extensions]
  union {
  ^
C:/Users/AferOlkay/AppData/Local/Arm/Packs/Keil/TM4C_DFP/1.1.0/Device/Include/TM4C123\TM4C123GH6PM.h(1038): warning: anonymous unions are a C11 extension [-Wc11-extensions]
  union {
  ^
C:/Users/AferOlkay/AppData/Local/Arm/Packs/Keil/TM4C_DFP/1.1.0/Device/Include/TM4C123\TM4C123GH6PM.h(1045): warning: anonymous unions are a C11 extension [-Wc11-extensions]
  union {
  ^
C:/Users/AferOlkay/AppData/Local/Arm/Packs/Keil/TM4C_DFP/1.1.0/Device/Include/TM4C123\TM4C123GH6PM.h(1052): warning: anonymous unions are a C11 extension [-Wc11-extensions]
  union {
  ^
C:/Users/AferOlkay/AppData/Local/Arm/Packs/Keil/TM4C_DFP/1.1.0/Device/Include/TM4C123\TM4C123GH6PM.h(1057): warning: anonymous unions are a C11 extension [-Wc11-extensions]
  union {
  ^
C:/Users/AferOlkay/AppData/Local/Arm/Packs/Keil/TM4C_DFP/1.1.0/Device/Include/TM4C123\TM4C123GH6PM.h(1064): warning: anonymous unions are a C11 extension [-Wc11-extensions]
  union {
  ^
C:/Users/AferOlkay/AppData/Local/Arm/Packs/Keil/TM4C_DFP/1.1.0/Device/Include/TM4C123\TM4C123GH6PM.h(1070): warning: anonymous unions are a C11 extension [-Wc11-extensions]
  union {
  ^
C:/Users/AferOlkay/AppData/Local/Arm/Packs/Keil/TM4C_DFP/1.1.0/Device/Include/TM4C123\TM4C123GH6PM.h(1077): warning: anonymous unions are a C11 extension [-Wc11-extensions]
  union {
  ^
C:/Users/AferOlkay/AppData/Local/Arm/Packs/Keil/TM4C_DFP/1.1.0/Device/Include/TM4C123\TM4C123GH6PM.h(1084): warning: anonymous unions are a C11 extension [-Wc11-extensions]
  union {
  ^
C:/Users/AferOlkay/AppData/Local/Arm/Packs/Keil/TM4C_DFP/1.1.0/Device/Include/TM4C123\TM4C123GH6PM.h(1089): warning: anonymous unions are a C11 extension [-Wc11-extensions]
  union {
  ^
C:/Users/AferOlkay/AppData/Local/Arm/Packs/Keil/TM4C_DFP/1.1.0/Device/Include/TM4C123\TM4C123GH6PM.h(1096): warning: anonymous unions are a C11 extension [-Wc11-extensions]
  union {
  ^
C:/Users/AferOlkay/AppData/Local/Arm/Packs/Keil/TM4C_DFP/1.1.0/Device/Include/TM4C123\TM4C123GH6PM.h(1102): warning: anonymous unions are a C11 extension [-Wc11-extensions]
  union {
  ^
C:/Users/AferOlkay/AppData/Local/Arm/Packs/Keil/TM4C_DFP/1.1.0/Device/Include/TM4C123\TM4C123GH6PM.h(1251): warning: anonymous unions are a C11 extension [-Wc11-extensions]
  union {
  ^
main.c(1): warning: In file included from...
./SW_Init.h(6): warning: a function declaration without a prototype is deprecated in all versions of C [-Wstrict-prototypes]
void    SW_Init(){
               ^
                void
./SW_Init.h(12): warning: // comments are not allowed in this language [-Wcomment]
        GPIOB->DEN |= 0x01 ;  // DEN PB0
                              ^
./SW_Init.h(14): warning: implicit conversion changes signedness: 'int' to 'unsigned int' [-Wsign-conversion]
        GPIOB-> DIR &= ~0x1 ;  // PB0 INPUT
                    ~~ ^~~~
./SW_Init.h(16): warning: implicit conversion changes signedness: 'int' to 'unsigned int' [-Wsign-conversion]
        GPIOB->AFSEL &= ~0x1 ; //       PB0 no alternative function
                     ~~ ^~~~
./SW_Init.h(6): warning: no previous prototype for function 'SW_Init' [-Wmissing-prototypes]
void    SW_Init(){
        ^
./SW_Init.h(6): note: declare 'static' if the function is not intended to be used outside of this translation unit
void    SW_Init(){
^
static 
./SW_Init.h(25): warning: a function declaration without a prototype is deprecated in all versions of C [-Wstrict-prototypes]
int     readSW(){
              ^
               void
./SW_Init.h(28): warning: implicit declaration of function 'msDelay' [-Wimplicit-function-declaration]
                msDelay(100);
                ^
./SW_Init.h(33): warning: no newline at end of file [-Wnewline-eof]
}
 ^
./SW_Init.h(25): warning: no previous prototype for function 'readSW' [-Wmissing-prototypes]
int     readSW(){
        ^
./SW_Init.h(25): note: declare 'static' if the function is not intended to be used outside of this translation unit
int     readSW(){
^
static 
main.c(2): warning: In file included from...
./LEDnMotorDriver.h(10): warning: a function declaration without a prototype is deprecated in all versions of C [-Wstrict-prototypes]
void LEDnMotorInitialization(){
                            ^
                             void
./LEDnMotorDriver.h(11): warning: // comments are not allowed in this language [-Wcomment]
        SYSCTL->RCGCGPIO |= 0x20; //turn on bus clock for PORT F
                                  ^
./LEDnMotorDriver.h(10): warning: no previous prototype for function 'LEDnMotorInitialization' [-Wmissing-prototypes]
void LEDnMotorInitialization(){
     ^
./LEDnMotorDriver.h(10): note: declare 'static' if the function is not intended to be used outside of this translation unit
void LEDnMotorInitialization(){
^
static 
main.c(3): warning: In file included from...
./setLimitInitialization.h(7): warning: a function declaration without a prototype is deprecated in all versions of C [-Wstrict-prototypes]
void setLimit_ADC_Initialization () {
                                 ^
                                  void
./setLimitInitialization.h(10): warning: // comments are not allowed in this language [-Wcomment]
        //SYSCTL->RCGCGPIO |= 0x10; //START CLOCK FOR GPIOE
        ^
./setLimitInitialization.h(7): warning: no previous prototype for function 'setLimit_ADC_Initialization' [-Wmissing-prototypes]
void setLimit_ADC_Initialization () {
     ^
./setLimitInitialization.h(7): note: declare 'static' if the function is not intended to be used outside of this translation unit
void setLimit_ADC_Initialization () {
^
static 
./setLimitInitialization.h(33): warning: a function declaration without a prototype is deprecated in all versions of C [-Wstrict-prototypes]
uint32_t readLimits(){
                   ^
                    void
./setLimitInitialization.h(41): warning: no newline at end of file [-Wnewline-eof]
}
 ^
./setLimitInitialization.h(33): warning: no previous prototype for function 'readLimits' [-Wmissing-prototypes]
uint32_t readLimits(){
         ^
./setLimitInitialization.h(33): note: declare 'static' if the function is not intended to be used outside of this translation unit
uint32_t readLimits(){
^
static 
main.c(4): warning: In file included from...
./WaterLevelSensorInitialization.h(7): warning: a function declaration without a prototype is deprecated in all versions of C [-Wstrict-prototypes]
void WaterSensor_ADC_Initialization () {
                                    ^
                                     void
./WaterLevelSensorInitialization.h(9): warning: // comments are not allowed in this language [-Wcomment]
        SYSCTL->RCGCGPIO |= 0x10; //START CLOCK FOR GPIOE
                                  ^
./WaterLevelSensorInitialization.h(7): warning: no previous prototype for function 'WaterSensor_ADC_Initialization' [-Wmissing-prototypes]
void WaterSensor_ADC_Initialization () {
     ^
./WaterLevelSensorInitialization.h(7): note: declare 'static' if the function is not intended to be used outside of this translation unit
void WaterSensor_ADC_Initialization () {
^
static 
./WaterLevelSensorInitialization.h(32): warning: a function declaration without a prototype is deprecated in all versions of C [-Wstrict-prototypes]
uint32_t readWaterLevel(){
                       ^
                        void
./WaterLevelSensorInitialization.h(41): warning: no newline at end of file [-Wnewline-eof]
}
 ^
./WaterLevelSensorInitialization.h(32): warning: no previous prototype for function 'readWaterLevel' [-Wmissing-prototypes]
uint32_t readWaterLevel(){
         ^
./WaterLevelSensorInitialization.h(32): note: declare 'static' if the function is not intended to be used outside of this translation unit
uint32_t readWaterLevel(){
^
static 
main.c(5): warning: In file included from...
./periodicRead.h(4): warning: // comments are not allowed in this language [-Wcomment]
#define SAMPLE_PERIOD 0xFFFFFFFF //in us
                                 ^
./periodicRead.h(9): warning: no previous extern declaration for non-static variable 'currentBufferSize' [-Wmissing-variable-declarations]
int currentBufferSize=0;
    ^
./periodicRead.h(9): note: declare 'static' if the variable is not intended to be used outside of this translation unit
int currentBufferSize=0;
^
./periodicRead.h(14): warning: no previous extern declaration for non-static variable 'plotCounter' [-Wmissing-variable-declarations]
uint8_t plotCounter=13;
        ^
./periodicRead.h(14): note: declare 'static' if the variable is not intended to be used outside of this translation unit
uint8_t plotCounter=13;
^
./periodicRead.h(16): warning: no previous extern declaration for non-static variable 'state' [-Wmissing-variable-declarations]
int state=0;
    ^
./periodicRead.h(16): note: declare 'static' if the variable is not intended to be used outside of this translation unit
int state=0;
^
./periodicRead.h(17): warning: no previous extern declaration for non-static variable 'lowLimit' [-Wmissing-variable-declarations]
uint32_t lowLimit=0;
         ^
./periodicRead.h(17): note: declare 'static' if the variable is not intended to be used outside of this translation unit
uint32_t lowLimit=0;
^
./periodicRead.h(18): warning: no previous extern declaration for non-static variable 'highLimit' [-Wmissing-variable-declarations]
uint32_t highLimit=0;
         ^
./periodicRead.h(18): note: declare 'static' if the variable is not intended to be used outside of this translation unit
uint32_t highLimit=0;
^
./periodicRead.h(20): warning: no previous extern declaration for non-static variable 'sensorFlag' [-Wmissing-variable-declarations]
uint8_t sensorFlag=0;
        ^
./periodicRead.h(20): note: declare 'static' if the variable is not intended to be used outside of this translation unit
uint8_t sensorFlag=0;
^
./periodicRead.h(21): warning: no previous extern declaration for non-static variable 'modeChangeFlag' [-Wmissing-variable-declarations]
uint8_t modeChangeFlag=0;
        ^
./periodicRead.h(21): note: declare 'static' if the variable is not intended to be used outside of this translation unit
uint8_t modeChangeFlag=0;
^
./periodicRead.h(25): warning: no previous prototype for function 'num2str' [-Wmissing-prototypes]
void num2str(int num,char* msg){
     ^
./periodicRead.h(25): note: declare 'static' if the function is not intended to be used outside of this translation unit
void num2str(int num,char* msg){
^
static 
./periodicRead.h(29): warning: no previous prototype for function 'Delay' [-Wmissing-prototypes]
void Delay(int delay_ms){
     ^
./periodicRead.h(29): note: declare 'static' if the function is not intended to be used outside of this translation unit
void Delay(int delay_ms){
^
static 
./periodicRead.h(39): warning: a function declaration without a prototype is deprecated in all versions of C [-Wstrict-prototypes]
void periodicReadInitialization(){
                               ^
                                void
./periodicRead.h(39): warning: no previous prototype for function 'periodicReadInitialization' [-Wmissing-prototypes]
void periodicReadInitialization(){
     ^
./periodicRead.h(39): note: declare 'static' if the function is not intended to be used outside of this translation unit
void periodicReadInitialization(){
^
static 
./periodicRead.h(81): warning: implicit declaration of function 'OutStr' [-Wimplicit-function-declaration]
        OutStr("BAM!\n\r\4");
        ^
./periodicRead.h(79): warning: no previous prototype for function 'TIMER0A_Handler' [-Wmissing-prototypes]
void TIMER0A_Handler (void){ //PB6 PORT IS TIMER0A
     ^
./periodicRead.h(79): note: declare 'static' if the function is not intended to be used outside of this translation unit
void TIMER0A_Handler (void){ //PB6 PORT IS TIMER0A
^
static 
./periodicRead.h(87): warning: no previous prototype for function 'Time1A_1sec_delay' [-Wmissing-prototypes]
void Time1A_1sec_delay(void){
     ^
./periodicRead.h(87): note: declare 'static' if the function is not intended to be used outside of this translation unit
void Time1A_1sec_delay(void){
^
static 
./periodicRead.h(118): warning: a function declaration without a prototype is deprecated in all versions of C [-Wstrict-prototypes]
void TIMER1A_Handler(){
                    ^
                     void
./periodicRead.h(119): warning: implicit declaration of function 'OutStr' [-Wimplicit-function-declaration]
        OutStr("BAM!\n\r\4");
        ^
./periodicRead.h(118): warning: no previous prototype for function 'TIMER1A_Handler' [-Wmissing-prototypes]
void TIMER1A_Handler(){
     ^
./periodicRead.h(118): note: declare 'static' if the function is not intended to be used outside of this translation unit
void TIMER1A_Handler(){
^
static 
./periodicRead.h(121): warning: a function declaration without a prototype is deprecated in all versions of C [-Wstrict-prototypes]
void    sysTick_1sec_delay(){
                          ^
                           void
./periodicRead.h(121): warning: no previous prototype for function 'sysTick_1sec_delay' [-Wmissing-prototypes]
void    sysTick_1sec_delay(){
        ^
./periodicRead.h(121): note: declare 'static' if the function is not intended to be used outside of this translation unit
void    sysTick_1sec_delay(){
^
static 
./periodicRead.h(126): warning: no previous prototype for function 'SysTick_Handler' [-Wmissing-prototypes]
void SysTick_Handler(void){
     ^
./periodicRead.h(126): note: declare 'static' if the function is not intended to be used outside of this translation unit
void SysTick_Handler(void){
^
static 
./periodicRead.h(132): warning: a function declaration without a prototype is deprecated in all versions of C [-Wstrict-prototypes]
void    updateLED(){
                 ^
                  void
./periodicRead.h(135): warning: implicit conversion changes signedness: 'int' to 'unsigned int' [-Wsign-conversion]
                GPIOF->DATA &= ~0x0E;
                            ~~ ^~~~~
./periodicRead.h(140): warning: implicit conversion changes signedness: 'int' to 'unsigned int' [-Wsign-conversion]
                GPIOF->DATA &= ~0x0E;
                            ~~ ^~~~~
./periodicRead.h(145): warning: implicit conversion changes signedness: 'int' to 'unsigned int' [-Wsign-conversion]
                        GPIOF->DATA &= ~0x0E;
                                    ~~ ^~~~~
./periodicRead.h(149): warning: no newline at end of file [-Wnewline-eof]
}
 ^
main.c(11): warning: a function declaration without a prototype is deprecated in all versions of C [-Wstrict-prototypes]
int main(){
        ^
         void
main.c(12): warning: // comments are not allowed in this language [-Wcomment]
                SW_Init();                                                                                              //MODE SELECTION
                                                                                                                        ^
main.c(26): warning: implicit declaration of function 'LCD_Init' [-Wimplicit-function-declaration]
                LCD_Init();
                ^
main.c(27): warning: implicit declaration of function 'LCD_Clear' [-Wimplicit-function-declaration]
                LCD_Clear();
                ^
main.c(28): warning: implicit declaration of function 'setLocation' [-Wimplicit-function-declaration]
                setLocation(0,0);
                ^
main.c(29): warning: implicit declaration of function 'sendSTRING' [-Wimplicit-function-declaration]
                sendSTRING("Upper Limit:\4");
                ^
main.c(43): warning: implicit declaration of function 'sendBYTE' [-Wimplicit-function-declaration]
                sendBYTE(0xFF);
                ^
main.c(48): warning: variable declaration in for loop is a C99-specific feature [-Wc99-extensions]
                for(int i=0 ; i<64 ; i++)
                    ^
main.c(48): warning: GCC does not allow variable declarations in for loop initializers before C99 [-Wgcc-compat]
main.c(66): warning: implicit declaration of function 'sendSTRINGinverse' [-Wimplicit-function-declaration]
                                        sendSTRINGinverse("Upper Limit\4");
                                        ^
main.c(72): warning: implicit conversion changes signedness: 'uint32_t' (aka 'unsigned int') to 'int' [-Wsign-conversion]
                                        num2str(highLimit,str);
                                        ~~~~~~~ ^~~~~~~~~
main.c(82): warning: implicit declaration of function 'sendSTRINGinverse' [-Wimplicit-function-declaration]
                                                sendSTRINGinverse("Lower Limit\4");
                                                ^
main.c(87): warning: implicit conversion changes signedness: 'uint32_t' (aka 'unsigned int') to 'int' [-Wsign-conversion]
                                        num2str(lowLimit,str);
                                        ~~~~~~~ ^~~~~~~~
main.c(98): warning: implicit declaration of function 'msDelay' [-Wimplicit-function-declaration]
                                msDelay(500); //BLOCK UNCONTROLLED INCREASE
                                ^
main.c(132): warning: implicit declaration of function 'OutStr' [-Wimplicit-function-declaration]
                                                OutStr(str);
                                                ^
main.c(135): warning: implicit conversion changes signedness: 'uint32_t' (aka 'unsigned int') to 'int' [-Wsign-conversion]
                                                num2str(currLevel,str);
                                                ~~~~~~~ ^~~~~~~~~
main.c(138): warning: implicit declaration of function 'plotGraph' [-Wimplicit-function-declaration]
                                                plotGraph( (currLevel-48) /2 +2 ,plotCounter);
                                                ^
main.c(116): warning: mixing declarations and code is a C99 extension [-Wdeclaration-after-statement]
                                                int iterate = 0;
                                                    ^
main.c(5): warning: In file included from...
./periodicRead.h(10): warning: no previous extern declaration for non-static variable 'buffer' [-Wmissing-variable-declarations]
uint32_t buffer[256];
         ^
./periodicRead.h(10): note: declare 'static' if the variable is not intended to be used outside of this translation unit
uint32_t buffer[256];
^
./periodicRead.h(11): warning: no previous extern declaration for non-static variable 'currLevel' [-Wmissing-variable-declarations]
uint32_t currLevel;
         ^
./periodicRead.h(11): note: declare 'static' if the variable is not intended to be used outside of this translation unit
uint32_t currLevel;
^
./periodicRead.h(12): warning: no previous extern declaration for non-static variable 'str' [-Wmissing-variable-declarations]
char str[100];
     ^
./periodicRead.h(12): note: declare 'static' if the variable is not intended to be used outside of this translation unit
char str[100];
^
115 warnings generated.
compiling main.c...
linking...
Program Size: Code=10556 RO-data=1300 RW-data=4 ZI-data=1760  
".\Objects\deneme.axf" - 0 Error(s), 115 Warning(s).

<h2>Software Packages used:</h2>

Package Vendor: ARM
                http://www.keil.com/pack/ARM.CMSIS.5.9.0.pack
                ARM.CMSIS.5.9.0
                CMSIS (Common Microcontroller Software Interface Standard)
   * Component: CORE Version: 5.6.0

Package Vendor: Keil
                http://www.keil.com/pack/Keil.TM4C_DFP.1.1.0.pack
                Keil.TM4C_DFP.1.1.0
                Texas Instruments Tiva C Series Device Support and Examples
   * Component: Startup Version: 1.0.1

<h2>Collection of Component include folders:</h2>
  ./RTE/_Target_1
  C:/Users/AferOlkay/AppData/Local/Arm/Packs/ARM/CMSIS/5.9.0/CMSIS/Core/Include
  C:/Users/AferOlkay/AppData/Local/Arm/Packs/Keil/TM4C_DFP/1.1.0/Device/Include/TM4C123

<h2>Collection of Component Files used:</h2>

   * Component: ARM::CMSIS:CORE:5.6.0

   * Component: Keil::Device:Startup:1.0.1
      Source file:   Device/Source/ARM/startup_TM4C123.s
      Include file:  Device/Include/TM4C123/TM4C123.h
      Source file:   Device/Source/system_TM4C123.c
Build Time Elapsed:  00:00:01
</pre>
</body>
</html>
