Component: Arm Compiler for Embedded 6.19 Tool: armlink [5e73cb00]

==============================================================================

Section Cross References

    lcd_driver.o(.text) refers to lcd_driver.o(routines) for ASCII
    main.o(.ARM.exidx.text.SW_Init) refers to main.o(.text.SW_Init) for [Anonymous Symbol]
    main.o(.text.readSW) refers to lcd_driver.o(.text) for msDelay
    main.o(.ARM.exidx.text.readSW) refers to main.o(.text.readSW) for [Anonymous Symbol]
    main.o(.ARM.exidx.text.LEDnMotorInitialization) refers to main.o(.text.LEDnMotorInitialization) for [Anonymous Symbol]
    main.o(.ARM.exidx.text.setLimit_ADC_Initialization) refers to main.o(.text.setLimit_ADC_Initialization) for [Anonymous Symbol]
    main.o(.ARM.exidx.text.readLimits) refers to main.o(.text.readLimits) for [Anonymous Symbol]
    main.o(.ARM.exidx.text.WaterSensor_ADC_Initialization) refers to main.o(.text.WaterSensor_ADC_Initialization) for [Anonymous Symbol]
    main.o(.ARM.exidx.text.readWaterLevel) refers to main.o(.text.readWaterLevel) for [Anonymous Symbol]
    main.o(.text.num2str) refers to main.o(.rodata.str1.1) for .L.str
    main.o(.text.num2str) refers to sprintf.o(.text) for sprintf
    main.o(.ARM.exidx.text.num2str) refers to main.o(.text.num2str) for [Anonymous Symbol]
    main.o(.ARM.exidx.text.Delay) refers to main.o(.text.Delay) for [Anonymous Symbol]
    main.o(.ARM.exidx.text.periodicReadInitialization) refers to main.o(.text.periodicReadInitialization) for [Anonymous Symbol]
    main.o(.text.TIMER0A_Handler) refers to main.o(.rodata.str1.1) for .L.str.1
    main.o(.text.TIMER0A_Handler) refers to outstr.o(.text) for OutStr
    main.o(.ARM.exidx.text.TIMER0A_Handler) refers to main.o(.text.TIMER0A_Handler) for [Anonymous Symbol]
    main.o(.ARM.exidx.text.Time1A_1sec_delay) refers to main.o(.text.Time1A_1sec_delay) for [Anonymous Symbol]
    main.o(.text.TIMER1A_Handler) refers to main.o(.rodata.str1.1) for .L.str.1
    main.o(.text.TIMER1A_Handler) refers to outstr.o(.text) for OutStr
    main.o(.ARM.exidx.text.TIMER1A_Handler) refers to main.o(.text.TIMER1A_Handler) for [Anonymous Symbol]
    main.o(.ARM.exidx.text.sysTick_1sec_delay) refers to main.o(.text.sysTick_1sec_delay) for [Anonymous Symbol]
    main.o(.text.SysTick_Handler) refers to main.o(.bss.sensorFlag) for sensorFlag
    main.o(.ARM.exidx.text.SysTick_Handler) refers to main.o(.text.SysTick_Handler) for [Anonymous Symbol]
    main.o(.text.updateLED) refers to main.o(.bss.currLevel) for currLevel
    main.o(.text.updateLED) refers to main.o(.bss.highLimit) for highLimit
    main.o(.text.updateLED) refers to main.o(.bss.lowLimit) for lowLimit
    main.o(.ARM.exidx.text.updateLED) refers to main.o(.text.updateLED) for [Anonymous Symbol]
    main.o(.text.main) refers to main.o(.text.SW_Init) for SW_Init
    main.o(.text.main) refers to main.o(.text.LEDnMotorInitialization) for LEDnMotorInitialization
    main.o(.text.main) refers to main.o(.text.WaterSensor_ADC_Initialization) for WaterSensor_ADC_Initialization
    main.o(.text.main) refers to main.o(.text.setLimit_ADC_Initialization) for setLimit_ADC_Initialization
    main.o(.text.main) refers to main.o(.text.sysTick_1sec_delay) for sysTick_1sec_delay
    main.o(.text.main) refers to lcd_driver.o(.text) for LCD_Init
    main.o(.text.main) refers to main.o(.rodata.str1.1) for .L.str.2
    main.o(.text.main) refers to main.o(.bss.str) for str
    main.o(.text.main) refers to main.o(.text.num2str) for num2str
    main.o(.text.main) refers to main.o(.bss.state) for state
    main.o(.text.main) refers to main.o(.bss.modeChangeFlag) for modeChangeFlag
    main.o(.text.main) refers to main.o(.text.readLimits) for readLimits
    main.o(.text.main) refers to main.o(.bss.highLimit) for highLimit
    main.o(.text.main) refers to main.o(.bss.lowLimit) for lowLimit
    main.o(.text.main) refers to main.o(.text.readSW) for readSW
    main.o(.text.main) refers to main.o(.bss.sensorFlag) for sensorFlag
    main.o(.text.main) refers to main.o(.text.readWaterLevel) for readWaterLevel
    main.o(.text.main) refers to main.o(.bss.currentBufferSize) for currentBufferSize
    main.o(.text.main) refers to main.o(.bss.buffer) for buffer
    main.o(.text.main) refers to main.o(.bss.currLevel) for currLevel
    main.o(.text.main) refers to sprintf.o(.text) for sprintf
    main.o(.text.main) refers to outstr.o(.text) for OutStr
    main.o(.text.main) refers to main.o(.text.updateLED) for updateLED
    main.o(.text.main) refers to main.o(.data.plotCounter) for plotCounter
    main.o(.ARM.exidx.text.main) refers to main.o(.text.main) for [Anonymous Symbol]
    startup_tm4c123.o(STACK) refers (Special) to heapauxi.o(.text) for __use_two_region_memory
    startup_tm4c123.o(HEAP) refers (Special) to heapauxi.o(.text) for __use_two_region_memory
    startup_tm4c123.o(RESET) refers (Special) to heapauxi.o(.text) for __use_two_region_memory
[...]
    ../clib/locale.s                         0x00000000   Number         0  lc_ctype_c.o ABSOLUTE
    ../clib/longlong.s                       0x00000000   Number         0  lludiv10.o ABSOLUTE
    ../clib/longlong.s                       0x00000000   Number         0  llushr.o ABSOLUTE
    ../clib/memcpset.s                       0x00000000   Number         0  strcmpv7em.o ABSOLUTE
    ../clib/misc.s                           0x00000000   Number         0  printf_stubs.o ABSOLUTE
    ../clib/printf.c                         0x00000000   Number         0  sprintf.o ABSOLUTE
    ../clib/printf.c                         0x00000000   Number         0  __printf.o ABSOLUTE
    ../clib/printf.c                         0x00000000   Number         0  _printf_pad.o ABSOLUTE
    ../clib/printf.c                         0x00000000   Number         0  _printf_truncate.o ABSOLUTE
    ../clib/printf.c                         0x00000000   Number         0  _printf_str.o ABSOLUTE
    ../clib/printf.c                         0x00000000   Number         0  _printf_dec.o ABSOLUTE
    ../clib/printf.c                         0x00000000   Number         0  _printf_charcount.o ABSOLUTE
    ../clib/printf.c                         0x00000000   Number         0  _printf_char_common.o ABSOLUTE
    ../clib/printf.c                         0x00000000   Number         0  _sputc.o ABSOLUTE
    ../clib/printf.c                         0x00000000   Number         0  _printf_wctomb.o ABSOLUTE
    ../clib/printf.c                         0x00000000   Number         0  _printf_longlong_dec.o ABSOLUTE
    ../clib/printf.c                         0x00000000   Number         0  _printf_oct_ll.o ABSOLUTE
    ../clib/printf.c                         0x00000000   Number         0  _printf_oct_int.o ABSOLUTE
    ../clib/printf.c                         0x00000000   Number         0  _printf_oct_int_ll.o ABSOLUTE
    ../clib/printf.c                         0x00000000   Number         0  _printf_hex_ll.o ABSOLUTE
    ../clib/printf.c                         0x00000000   Number         0  _printf_hex_int.o ABSOLUTE
    ../clib/printf.c                         0x00000000   Number         0  _printf_hex_int_ll.o ABSOLUTE
    ../clib/printf.c                         0x00000000   Number         0  _printf_hex_ptr.o ABSOLUTE
    ../clib/printf.c                         0x00000000   Number         0  _printf_hex_int_ptr.o ABSOLUTE
    ../clib/printf.c                         0x00000000   Number         0  _printf_hex_ll_ptr.o ABSOLUTE
    ../clib/printf.c                         0x00000000   Number         0  _printf_hex_int_ll_ptr.o ABSOLUTE
    ../clib/printf.c                         0x00000000   Number         0  __printf_flags.o ABSOLUTE
    ../clib/printf.c                         0x00000000   Number         0  __printf_ss.o ABSOLUTE
    ../clib/printf.c                         0x00000000   Number         0  __printf_flags_ss.o ABSOLUTE
    ../clib/printf.c                         0x00000000   Number         0  __printf_wp.o ABSOLUTE
    ../clib/printf.c                         0x00000000   Number         0  __printf_flags_wp.o ABSOLUTE
    ../clib/printf.c                         0x00000000   Number         0  __printf_ss_wp.o ABSOLUTE
    ../clib/printf.c                         0x00000000   Number         0  __printf_flags_ss_wp.o ABSOLUTE
    ../clib/printf.c                         0x00000000   Number         0  _printf_intcommon.o ABSOLUTE
    ../clib/printf.c                         0x00000000   Number         0  _printf_fp_dec.o ABSOLUTE
    ../clib/printf.c                         0x00000000   Number         0  _printf_fp_dec_accurate.o ABSOLUTE
    ../clib/printf.c                         0x00000000   Number         0  _printf_fp_hex.o ABSOLUTE
    ../clib/printf.c                         0x00000000   Number         0  __printf_nopercent.o ABSOLUTE
    ../clib/printf.c                         0x00000000   Number         0  _printf_char.o ABSOLUTE
    ../clib/printf.c                         0x00000000   Number         0  _printf_wchar.o ABSOLUTE
    ../clib/printf.c                         0x00000000   Number         0  _printf_fp_infnan.o ABSOLUTE
    ../clib/printf_percent.s                 0x00000000   Number         0  _printf_c.o ABSOLUTE
    ../clib/printf_percent.s                 0x00000000   Number         0  _printf_s.o ABSOLUTE
    ../clib/printf_percent.s                 0x00000000   Number         0  _printf_n.o ABSOLUTE
    ../clib/printf_percent.s                 0x00000000   Number         0  _printf_x.o ABSOLUTE
    ../clib/printf_percent.s                 0x00000000   Number         0  _printf_p.o ABSOLUTE
    ../clib/printf_percent.s                 0x00000000   Number         0  _printf_o.o ABSOLUTE
    ../clib/printf_percent.s                 0x00000000   Number         0  _printf_i.o ABSOLUTE
    ../clib/printf_percent.s                 0x00000000   Number         0  _printf_d.o ABSOLUTE
    ../clib/printf_percent.s                 0x00000000   Number         0  _printf_u.o ABSOLUTE
    ../clib/printf_percent.s                 0x00000000   Number         0  _printf_f.o ABSOLUTE
    ../clib/printf_percent.s                 0x00000000   Number         0  _printf_e.o ABSOLUTE
    ../clib/printf_percent.s                 0x00000000   Number         0  _printf_g.o ABSOLUTE
    ../clib/printf_percent.s                 0x00000000   Number         0  _printf_a.o ABSOLUTE
    ../clib/printf_percent.s                 0x00000000   Number         0  _printf_percent.o ABSOLUTE
    ../clib/printf_percent.s                 0x00000000   Number         0  _printf_lli.o ABSOLUTE
    ../clib/printf_percent.s                 0x00000000   Number         0  _printf_lld.o ABSOLUTE
    ../clib/printf_percent.s                 0x00000000   Number         0  _printf_llu.o ABSOLUTE
    ../clib/printf_percent.s                 0x00000000   Number         0  _printf_ll.o ABSOLUTE
    ../clib/printf_percent.s                 0x00000000   Number         0  _printf_l.o ABSOLUTE
    ../clib/printf_percent.s                 0x00000000   Number         0  _printf_lc.o ABSOLUTE
    ../clib/printf_percent.s                 0x00000000   Number         0  _printf_ls.o ABSOLUTE
    ../clib/printf_percent.s                 0x00000000   Number         0  _printf_llo.o ABSOLUTE
    ../clib/printf_percent.s                 0x00000000   Number         0  _printf_llx.o ABSOLUTE
    ../clib/printf_percent.s                 0x00000000   Number         0  _printf_percent_end.o ABSOLUTE
    ../clib/signal.c                         0x00000000   Number         0  defsig_rtmem_outer.o ABSOLUTE
    ../clib/signal.c                         0x00000000   Number         0  defsig_rtmem_formal.o ABSOLUTE
    ../clib/signal.c                         0x00000000   Number         0  defsig_exit.o ABSOLUTE
    ../clib/signal.c                         0x00000000   Number         0  defsig_rtmem_inner.o ABSOLUTE
    ../clib/signal.c                         0x00000000   Number         0  __raise.o ABSOLUTE
    ../clib/signal.c                         0x00000000   Number         0  defsig_general.o ABSOLUTE
    ../clib/signal.c                         0x00000000   Number         0  defsig_abrt_inner.o ABSOLUTE
    ../clib/signal.c                         0x00000000   Number         0  defsig_fpe_inner.o ABSOLUTE
    ../clib/signal.c                         0x00000000   Number         0  defsig_rtred_inner.o ABSOLUTE
    ../clib/signal.c                         0x00000000   Number         0  defsig_stak_inner.o ABSOLUTE
    ../clib/signal.c                         0x00000000   Number         0  defsig_pvfn_inner.o ABSOLUTE
    ../clib/signal.c                         0x00000000   Number         0  defsig_cppl_inner.o ABSOLUTE
    ../clib/signal.c                         0x00000000   Number         0  defsig_segv_inner.o ABSOLUTE
    ../clib/signal.c                         0x00000000   Number         0  defsig_other.o ABSOLUTE
    ../clib/signal.s                         0x00000000   Number         0  defsig.o ABSOLUTE
    ../clib/stdlib.c                         0x00000000   Number         0  exit.o ABSOLUTE
    ../fplib/fpinit.s                        0x00000000   Number         0  fpinit.o ABSOLUTE
    ../fplib/istatus.s                       0x00000000   Number         0  istatus.o ABSOLUTE
    ../fplib/printf1.s                       0x00000000   Number         0  printf1.o ABSOLUTE
    ../fplib/printf2.s                       0x00000000   Number         0  printf2.o ABSOLUTE
    ../fplib/printf2a.s                      0x00000000   Number         0  printf2a.o ABSOLUTE
    ../fplib/printf2b.s                      0x00000000   Number         0  printf2b.o ABSOLUTE
    ../fplib/usenofp.s                       0x00000000   Number         0  usenofp.o ABSOLUTE
    ../mathlib/fpclassify.c                  0x00000000   Number         0  fpclassify.o ABSOLUTE
    LCD_Driver.s                             0x00000000   Number         0  lcd_driver.o ABSOLUTE
    OutStr.s                                 0x00000000   Number         0  outstr.o ABSOLUTE
    RTE/Device/TM4C123GH6PM/startup_TM4C123.s 0x00000000   Number         0  startup_tm4c123.o ABSOLUTE
    dc.s                                     0x00000000   Number         0  dc.o ABSOLUTE
    main.c                                   0x00000000   Number         0  main.o ABSOLUTE
    system_TM4C123.c                         0x00000000   Number         0  system_tm4c123.o ABSOLUTE
    RESET                                    0x00000000   Section      620  startup_tm4c123.o(RESET)
    !!!main                                  0x0000026c   Section        8  __main.o(!!!main)
    !!!scatter                               0x00000274   Section       52  __scatter.o(!!!scatter)
    !!handler_copy                           0x000002a8   Section       26  __scatter_copy.o(!!handler_copy)
    !!handler_zi                             0x000002c4   Section       28  __scatter_zi.o(!!handler_zi)
    .ARM.Collect$$_printf_percent$$00000000  0x000002e0   Section        0  _printf_percent.o(.ARM.Collect$$_printf_percent$$00000000)
    .ARM.Collect$$_printf_percent$$00000001  0x000002e0   Section        6  _printf_n.o(.ARM.Collect$$_printf_percent$$00000001)
    .ARM.Collect$$_printf_percent$$00000002  0x000002e6   Section        6  _printf_p.o(.ARM.Collect$$_printf_percent$$00000002)
    .ARM.Collect$$_printf_percent$$00000003  0x000002ec   Section        6  _printf_f.o(.ARM.Collect$$_printf_percent$$00000003)
    .ARM.Collect$$_printf_percent$$00000004  0x000002f2   Section        6  _printf_e.o(.ARM.Collect$$_printf_percent$$00000004)
    .ARM.Collect$$_printf_percent$$00000005  0x000002f8   Section        6  _printf_g.o(.ARM.Collect$$_printf_percent$$00000005)
    .ARM.Collect$$_printf_percent$$00000006  0x000002fe   Section        6  _printf_a.o(.ARM.Collect$$_printf_percent$$00000006)
    .ARM.Collect$$_printf_percent$$00000007  0x00000304   Section       10  _printf_ll.o(.ARM.Collect$$_printf_percent$$00000007)
    .ARM.Collect$$_printf_percent$$00000008  0x0000030e   Section        6  _printf_i.o(.ARM.Collect$$_printf_percent$$00000008)
    .ARM.Collect$$_printf_percent$$00000009  0x00000314   Section        6  _printf_d.o(.ARM.Collect$$_printf_percent$$00000009)
    .ARM.Collect$$_printf_percent$$0000000A  0x0000031a   Section        6  _printf_u.o(.ARM.Collect$$_printf_percent$$0000000A)
    .ARM.Collect$$_printf_percent$$0000000B  0x00000320   Section        6  _printf_o.o(.ARM.Collect$$_printf_percent$$0000000B)
    .ARM.Collect$$_printf_percent$$0000000C  0x00000326   Section        6  _printf_x.o(.ARM.Collect$$_printf_percent$$0000000C)
    .ARM.Collect$$_printf_percent$$0000000D  0x0000032c   Section        6  _printf_lli.o(.ARM.Collect$$_printf_percent$$0000000D)
    .ARM.Collect$$_printf_percent$$0000000E  0x00000332   Section        6  _printf_lld.o(.ARM.Collect$$_printf_percent$$0000000E)
    .ARM.Collect$$_printf_percent$$0000000F  0x00000338   Section        6  _printf_llu.o(.ARM.Collect$$_printf_percent$$0000000F)
    .ARM.Collect$$_printf_percent$$00000010  0x0000033e   Section        6  _printf_llo.o(.ARM.Collect$$_printf_percent$$00000010)
    .ARM.Collect$$_printf_percent$$00000011  0x00000344   Section        6  _printf_llx.o(.ARM.Collect$$_printf_percent$$00000011)
    .ARM.Collect$$_printf_percent$$00000012  0x0000034a   Section       10  _printf_l.o(.ARM.Collect$$_printf_percent$$00000012)
    .ARM.Collect$$_printf_percent$$00000013  0x00000354   Section        6  _printf_c.o(.ARM.Collect$$_printf_percent$$00000013)
    .ARM.Collect$$_printf_percent$$00000014  0x0000035a   Section        6  _printf_s.o(.ARM.Collect$$_printf_percent$$00000014)
    .ARM.Collect$$_printf_percent$$00000015  0x00000360   Section        6  _printf_lc.o(.ARM.Collect$$_printf_percent$$00000015)
    .ARM.Collect$$_printf_percent$$00000016  0x00000366   Section        6  _printf_ls.o(.ARM.Collect$$_printf_percent$$00000016)
    .ARM.Collect$$_printf_percent$$00000017  0x0000036c   Section        4  _printf_percent_end.o(.ARM.Collect$$_printf_percent$$00000017)
    .ARM.Collect$$libinit$$00000000          0x00000370   Section        2  libinit.o(.ARM.Collect$$libinit$$00000000)
    .ARM.Collect$$libinit$$00000001          0x00000372   Section        4  libinit2.o(.ARM.Collect$$libinit$$00000001)
    .ARM.Collect$$libinit$$00000004          0x00000376   Section        0  libinit2.o(.ARM.Collect$$libinit$$00000004)
    .ARM.Collect$$libinit$$00000006          0x00000376   Section        0  libinit2.o(.ARM.Collect$$libinit$$00000006)
    .ARM.Collect$$libinit$$0000000C          0x00000376   Section        0  libinit2.o(.ARM.Collect$$libinit$$0000000C)
    .ARM.Collect$$libinit$$0000000E          0x00000376   Section        0  libinit2.o(.ARM.Collect$$libinit$$0000000E)
    .ARM.Collect$$libinit$$00000010          0x00000376   Section        0  libinit2.o(.ARM.Collect$$libinit$$00000010)
    .ARM.Collect$$libinit$$00000011          0x00000376   Section        6  libinit2.o(.ARM.Collect$$libinit$$00000011)
    .ARM.Collect$$libinit$$00000013          0x0000037c   Section        0  libinit2.o(.ARM.Collect$$libinit$$00000013)
    .ARM.Collect$$libinit$$00000014          0x0000037c   Section       12  libinit2.o(.ARM.Collect$$libinit$$00000014)
    .ARM.Collect$$libinit$$00000015          0x00000388   Section        0  libinit2.o(.ARM.Collect$$libinit$$00000015)
    .ARM.Collect$$libinit$$00000017          0x00000388   Section        0  libinit2.o(.ARM.Collect$$libinit$$00000017)
    .ARM.Collect$$libinit$$00000018          0x00000388   Section       10  libinit2.o(.ARM.Collect$$libinit$$00000018)
    .ARM.Collect$$libinit$$00000019          0x00000392   Section        0  libinit2.o(.ARM.Collect$$libinit$$00000019)
    .ARM.Collect$$libinit$$0000001B          0x00000392   Section        0  libinit2.o(.ARM.Collect$$libinit$$0000001B)
    .ARM.Collect$$libinit$$0000001D          0x00000392   Section        0  libinit2.o(.ARM.Collect$$libinit$$0000001D)
    .ARM.Collect$$libinit$$0000001F          0x00000392   Section        0  libinit2.o(.ARM.Collect$$libinit$$0000001F)
    .ARM.Collect$$libinit$$00000021          0x00000392   Section        0  libinit2.o(.ARM.Collect$$libinit$$00000021)
    .ARM.Collect$$libinit$$00000023          0x00000392   Section        0  libinit2.o(.ARM.Collect$$libinit$$00000023)
    .ARM.Collect$$libinit$$00000025          0x00000392   Section        0  libinit2.o(.ARM.Collect$$libinit$$00000025)
    .ARM.Collect$$libinit$$00000027          0x00000392   Section        0  libinit2.o(.ARM.Collect$$libinit$$00000027)
    .ARM.Collect$$libinit$$0000002E          0x00000392   Section        0  libinit2.o(.ARM.Collect$$libinit$$0000002E)
    .ARM.Collect$$libinit$$00000030          0x00000392   Section        0  libinit2.o(.ARM.Collect$$libinit$$00000030)
    .ARM.Collect$$libinit$$00000032          0x00000392   Section        0  libinit2.o(.ARM.Collect$$libinit$$00000032)
    .ARM.Collect$$libinit$$00000034          0x00000392   Section        0  libinit2.o(.ARM.Collect$$libinit$$00000034)
    .ARM.Collect$$libinit$$00000035          0x00000392   Section        2  libinit2.o(.ARM.Collect$$libinit$$00000035)
    .ARM.Collect$$libshutdown$$00000000      0x00000394   Section        2  libshutdown.o(.ARM.Collect$$libshutdown$$00000000)
    .ARM.Collect$$libshutdown$$00000002      0x00000396   Section        0  libshutdown2.o(.ARM.Collect$$libshutdown$$00000002)
    .ARM.Collect$$libshutdown$$00000004      0x00000396   Section        0  libshutdown2.o(.ARM.Collect$$libshutdown$$00000004)
    .ARM.Collect$$libshutdown$$00000007      0x00000396   Section        0  libshutdown2.o(.ARM.Collect$$libshutdown$$00000007)
    .ARM.Collect$$libshutdown$$0000000A      0x00000396   Section        0  libshutdown2.o(.ARM.Collect$$libshutdown$$0000000A)
    .ARM.Collect$$libshutdown$$0000000C      0x00000396   Section        0  libshutdown2.o(.ARM.Collect$$libshutdown$$0000000C)
    .ARM.Collect$$libshutdown$$0000000F      0x00000396   Section        0  libshutdown2.o(.ARM.Collect$$libshutdown$$0000000F)
    .ARM.Collect$$libshutdown$$00000010      0x00000396   Section        2  libshutdown2.o(.ARM.Collect$$libshutdown$$00000010)
    .ARM.Collect$$rtentry$$00000000          0x00000398   Section        0  __rtentry.o(.ARM.Collect$$rtentry$$00000000)
    .ARM.Collect$$rtentry$$00000002          0x00000398   Section        0  __rtentry2.o(.ARM.Collect$$rtentry$$00000002)
    .ARM.Collect$$rtentry$$00000004          0x00000398   Section        6  __rtentry4.o(.ARM.Collect$$rtentry$$00000004)
    .ARM.Collect$$rtentry$$00000009          0x0000039e   Section        0  __rtentry2.o(.ARM.Collect$$rtentry$$00000009)
    .ARM.Collect$$rtentry$$0000000A          0x0000039e   Section        4  __rtentry2.o(.ARM.Collect$$rtentry$$0000000A)
    .ARM.Collect$$rtentry$$0000000C          0x000003a2   Section        0  __rtentry2.o(.ARM.Collect$$rtentry$$0000000C)
    .ARM.Collect$$rtentry$$0000000D          0x000003a2   Section        8  __rtentry2.o(.ARM.Collect$$rtentry$$0000000D)
    .ARM.Collect$$rtexit$$00000000           0x000003aa   Section        2  rtexit.o(.ARM.Collect$$rtexit$$00000000)
    .ARM.Collect$$rtexit$$00000002           0x000003ac   Section        0  rtexit2.o(.ARM.Collect$$rtexit$$00000002)
    .ARM.Collect$$rtexit$$00000003           0x000003ac   Section        4  rtexit2.o(.ARM.Collect$$rtexit$$00000003)
    .ARM.Collect$$rtexit$$00000004           0x000003b0   Section        6  rtexit2.o(.ARM.Collect$$rtexit$$00000004)
    $v0                                      0x000003b8   Number         0  lcd_driver.o(.text)
    .text                                    0x000003b8   Section      656  lcd_driver.o(.text)
    $v0                                      0x00000648   Number         0  outstr.o(.text)
    .text                                    0x00000648   Section      236  outstr.o(.text)
    $v0                                      0x00000734   Number         0  startup_tm4c123.o(.text)
    .text                                    0x00000734   Section      276  startup_tm4c123.o(.text)
    .text                                    0x00000848   Section        0  sprintf.o(.text)
    .text                                    0x00000874   Section        0  heapauxi.o(.text)
    .text                                    0x0000087a   Section        0  _printf_pad.o(.text)
    .text                                    0x000008c8   Section        0  _printf_truncate.o(.text)
    .text                                    0x000008ec   Section        0  _printf_str.o(.text)
    .text                                    0x00000940   Section        0  _printf_dec.o(.text)
    .text                                    0x000009b8   Section        0  _printf_charcount.o(.text)
    _printf_input_char                       0x000009e1   Thumb Code    10  _printf_char_common.o(.text)
    .text                                    0x000009e0   Section        0  _printf_char_common.o(.text)
    .text                                    0x00000a10   Section        0  _sputc.o(.text)
    .text                                    0x00000a1c   Section        0  _printf_wctomb.o(.text)
    .text                                    0x00000ad8   Section        0  _printf_longlong_dec.o(.text)
    _printf_longlong_oct_internal            0x00000b55   Thumb Code     0  _printf_oct_int_ll.o(.text)
    .text                                    0x00000b54   Section        0  _printf_oct_int_ll.o(.text)
    _printf_hex_common                       0x00000bc5   Thumb Code     0  _printf_hex_int_ll_ptr.o(.text)
    .text                                    0x00000bc4   Section        0  _printf_hex_int_ll_ptr.o(.text)
    .text                                    0x00000c58   Section        0  __printf_flags_ss_wp.o(.text)
    .text                                    0x00000de0   Section      138  lludiv10.o(.text)
    .text                                    0x00000e6a   Section        0  _printf_intcommon.o(.text)
    _fp_digits                               0x00000f1d   Thumb Code   432  _printf_fp_dec.o(.text)
    .text                                    0x00000f1c   Section        0  _printf_fp_dec.o(.text)
    .text                                    0x00001338   Section        0  _printf_fp_hex.o(.text)
    .text                                    0x00001634   Section        0  _printf_char.o(.text)
    .text                                    0x00001660   Section        0  _printf_wchar.o(.text)
    .text                                    0x0000168c   Section        0  _c16rtomb.o(.text)
    .text                                    0x000016d4   Section       74  sys_stackheap_outer.o(.text)
    .text                                    0x00001720   Section       16  rt_ctype_table.o(.text)
    .text                                    0x00001730   Section        8  rt_locale_intlibspace.o(.text)
    .text                                    0x00001738   Section        0  _printf_fp_infnan.o(.text)
    .text                                    0x000017b8   Section        0  bigflt0.o(.text)
    .text                                    0x0000189c   Section        0  exit.o(.text)
    .text                                    0x000018b0   Section        8  libspace.o(.text)
    .text                                    0x000018b8   Section      124  strcmpv7em.o(.text)
    .text                                    0x00001934   Section        0  sys_exit.o(.text)
    .text                                    0x00001940   Section        2  use_no_semi.o(.text)
    .text                                    0x00001942   Section        0  indicate_semi.o(.text)
    [Anonymous Symbol]                       0x00001944   Section        0  main.o(.text.LEDnMotorInitialization)
    [Anonymous Symbol]                       0x0000198c   Section        0  main.o(.text.SW_Init)
    [Anonymous Symbol]                       0x000019e4   Section        0  main.o(.text.SysTick_Handler)
    [Anonymous Symbol]                       0x000019f4   Section        0  system_tm4c123.o(.text.SystemInit)
    [Anonymous Symbol]                       0x00001a08   Section        0  main.o(.text.TIMER0A_Handler)
    [Anonymous Symbol]                       0x00001a18   Section        0  main.o(.text.TIMER1A_Handler)
    [Anonymous Symbol]                       0x00001a28   Section        0  main.o(.text.WaterSensor_ADC_Initialization)
    [Anonymous Symbol]                       0x00001b04   Section        0  main.o(.text.main)
    [Anonymous Symbol]                       0x00001ee4   Section        0  main.o(.text.num2str)
    [Anonymous Symbol]                       0x00001f00   Section        0  main.o(.text.readLimits)
    [Anonymous Symbol]                       0x00001f4c   Section        0  main.o(.text.readSW)
    [Anonymous Symbol]                       0x00001f84   Section        0  main.o(.text.readWaterLevel)
    [Anonymous Symbol]                       0x00001fd0   Section        0  main.o(.text.setLimit_ADC_Initialization)
    [Anonymous Symbol]                       0x00002088   Section        0  main.o(.text.sysTick_1sec_delay)
    [Anonymous Symbol]                       0x000020b0   Section        0  main.o(.text.updateLED)
    CL$$btod_d2e                             0x00002136   Section       62  btod.o(CL$$btod_d2e)
    CL$$btod_d2e_denorm_low                  0x00002174   Section       70  btod.o(CL$$btod_d2e_denorm_low)
    CL$$btod_d2e_norm_op1                    0x000021ba   Section       96  btod.o(CL$$btod_d2e_norm_op1)
    CL$$btod_div_common                      0x0000221c   Section      824  btod.o(CL$$btod_div_common)
    CL$$btod_e2e                             0x00002554   Section      220  btod.o(CL$$btod_e2e)
    CL$$btod_ediv                            0x00002630   Section       42  btod.o(CL$$btod_ediv)
    CL$$btod_emul                            0x0000265a   Section       42  btod.o(CL$$btod_emul)
    CL$$btod_mult_common                     0x00002684   Section      580  btod.o(CL$$btod_mult_common)
    i.__ARM_fpclassify                       0x000028c8   Section        0  fpclassify.o(i.__ARM_fpclassify)
    i._is_digit                              0x000028f8   Section        0  __printf_wp.o(i._is_digit)
    locale$$code                             0x00002908   Section       44  lc_numeric_c.o(locale$$code)
    locale$$code                             0x00002934   Section       44  lc_ctype_c.o(locale$$code)
    ASCII                                    0x00002960   Data           5  lcd_driver.o(routines)
    routines                                 0x00002960   Section      547  lcd_driver.o(routines)
    dotPlot                                  0x00002b3b   Data           3  lcd_driver.o(routines)
    $v0                                      0x00002b84   Number         0  fpinit.o(x$fpl$fpinit)
    x$fpl$fpinit                             0x00002b84   Section       26  fpinit.o(x$fpl$fpinit)
    $v0                                      0x00002b9e   Number         0  printf1.o(x$fpl$printf1)
    x$fpl$printf1                            0x00002b9e   Section        4  printf1.o(x$fpl$printf1)
    $v0                                      0x00002ba2   Number         0  printf2.o(x$fpl$printf2)
    x$fpl$printf2                            0x00002ba2   Section        4  printf2.o(x$fpl$printf2)
    x$fpl$usenofp                            0x00002ba6   Section        0  usenofp.o(x$fpl$usenofp)
    initial_mbstate                          0x00002ba8   Data           8  _printf_wctomb.o(.constdata)
    .constdata                               0x00002ba8   Section        8  _printf_wctomb.o(.constdata)
    uc_hextab                                0x00002bb0   Data          20  _printf_hex_int_ll_ptr.o(.constdata)
    .constdata                               0x00002bb0   Section       40  _printf_hex_int_ll_ptr.o(.constdata)
    lc_hextab                                0x00002bc4   Data          20  _printf_hex_int_ll_ptr.o(.constdata)
    maptable                                 0x00002bd8   Data          17  __printf_flags_ss_wp.o(.constdata)
    .constdata                               0x00002bd8   Section       17  __printf_flags_ss_wp.o(.constdata)
    lc_hextab                                0x00002be9   Data          19  _printf_fp_hex.o(.constdata)
    .constdata                               0x00002be9   Section       38  _printf_fp_hex.o(.constdata)
    uc_hextab                                0x00002bfc   Data          19  _printf_fp_hex.o(.constdata)
    tenpwrs_x                                0x00002c10   Data          60  bigflt0.o(.constdata)
    .constdata                               0x00002c10   Section      148  bigflt0.o(.constdata)
    tenpwrs_i                                0x00002c4c   Data          64  bigflt0.o(.constdata)
    .L.str.7                                 0x00002ca4   Data          14  main.o(.rodata.str1.1)
    [Anonymous Symbol]                       0x00002ca4   Section        0  main.o(.rodata.str1.1)
    .L.str.1                                 0x00002cb2   Data           8  main.o(.rodata.str1.1)
    .L.str.4                                 0x00002cba   Data          14  main.o(.rodata.str1.1)
    .L.str.2                                 0x00002cc8   Data          14  main.o(.rodata.str1.1)
    .L.str.3                                 0x00002cd6   Data          14  main.o(.rodata.str1.1)
    .L.str                                   0x00002ce4   Data           4  main.o(.rodata.str1.1)
    .L.str.6                                 0x00002ce8   Data          13  main.o(.rodata.str1.1)
    .L.str.5                                 0x00002cf5   Data          13  main.o(.rodata.str1.1)
    locale$$data                             0x00002d24   Section       28  lc_numeric_c.o(locale$$data)
    __lcnum_c_name                           0x00002d28   Data           2  lc_numeric_c.o(locale$$data)
    __lcnum_c_start                          0x00002d30   Data           0  lc_numeric_c.o(locale$$data)
    __lcnum_c_point                          0x00002d3c   Data           0  lc_numeric_c.o(locale$$data)
    __lcnum_c_thousands                      0x00002d3e   Data           0  lc_numeric_c.o(locale$$data)
    __lcnum_c_grouping                       0x00002d3f   Data           0  lc_numeric_c.o(locale$$data)
    __lcnum_c_end                            0x00002d40   Data           0  lc_numeric_c.o(locale$$data)
    locale$$data                             0x00002d40   Section      272  lc_ctype_c.o(locale$$data)
    __lcctype_c_name                         0x00002d44   Data           2  lc_ctype_c.o(locale$$data)
    __lcctype_c_start                        0x00002d4c   Data           0  lc_ctype_c.o(locale$$data)
    __lcctype_c_end                          0x00002e50   Data           0  lc_ctype_c.o(locale$$data)
    .bss                                     0x20000008   Section       96  libspace.o(.bss)
    Heap_Mem                                 0x200004e8   Data           0  startup_tm4c123.o(HEAP)
    Stack_Mem                                0x200004e8   Data         512  startup_tm4c123.o(STACK)
    HEAP                                     0x200004e8   Section        0  startup_tm4c123.o(HEAP)
    STACK                                    0x200004e8   Section      512  startup_tm4c123.o(STACK)
    __initial_sp                             0x200006e8   Data           0  startup_tm4c123.o(STACK)

    Global Symbols

    Symbol Name                              Value     Ov Type        Size  Object(Section)

    BuildAttributes$$THM_ISAv4$E$P$D$K$B$S$7EM$VFPi3$EXTD16$VFPS$VFMA$PE$A:L22UL41UL21$X:L11$S22US41US21$IEEE1$IW$~IW$USESV6$~STKCKD$USESV7$~SHL$OTIME$ROPI$IEEEJ$EBA8$UX$STANDARDLIB$REQ8$EABIv2 0x00000000   Number         0  anon$$obj.o ABSOLUTE
    __Vectors                                0x00000000   Data           4  startup_tm4c123.o(RESET)
    _printf_flags                            0x00000000   Number         0  printf_stubs.o ABSOLUTE
    _printf_return_value                     0x00000000   Number         0  printf_stubs.o ABSOLUTE
    _printf_sizespec                         0x00000000   Number         0  printf_stubs.o ABSOLUTE
    _printf_widthprec                        0x00000000   Number         0  printf_stubs.o ABSOLUTE
    __ARM_exceptions_init                     - Undefined Weak Reference
    __alloca_initialize                       - Undefined Weak Reference
    __arm_preinit_                            - Undefined Weak Reference
    __arm_relocate_pie_                       - Undefined Weak Reference
    __cpp_initialize__aeabi_                  - Undefined Weak Reference
    __cxa_finalize                            - Undefined Weak Reference
    __sigvec_lookup                           - Undefined Weak Reference
    _atexit_init                              - Undefined Weak Reference
    _call_atexit_fns                          - Undefined Weak Reference
    _clock_init                               - Undefined Weak Reference
    _fp_trap_init                             - Undefined Weak Reference
    _fp_trap_shutdown                         - Undefined Weak Reference
    _get_lc_collate                           - Undefined Weak Reference
    _get_lc_monetary                          - Undefined Weak Reference
    _get_lc_time                              - Undefined Weak Reference
    _getenv_init                              - Undefined Weak Reference
    _handle_redirection                       - Undefined Weak Reference
    _init_alloc                               - Undefined Weak Reference
    _init_user_alloc                          - Undefined Weak Reference
    _initio                                   - Undefined Weak Reference
    _printf_mbtowc                            - Undefined Weak Reference
    _printf_wc                                - Undefined Weak Reference
    _rand_init                                - Undefined Weak Reference
    _signal_finish                            - Undefined Weak Reference
    _signal_init                              - Undefined Weak Reference
    _terminate_alloc                          - Undefined Weak Reference
    _terminate_user_alloc                     - Undefined Weak Reference
    _terminateio                              - Undefined Weak Reference
    __Vectors_End                            0x0000026c   Data           0  startup_tm4c123.o(RESET)
    __Vectors_Size                           0x0000026c   Number         0  startup_tm4c123.o ABSOLUTE
    __main                                   0x0000026d   Thumb Code     8  __main.o(!!!main)
    __scatterload                            0x00000275   Thumb Code     0  __scatter.o(!!!scatter)
    __scatterload_rt2                        0x00000275   Thumb Code    44  __scatter.o(!!!scatter)
    __scatterload_rt2_thumb_only             0x00000275   Thumb Code     0  __scatter.o(!!!scatter)
    __scatterload_null                       0x00000283   Thumb Code     0  __scatter.o(!!!scatter)
    __scatterload_copy                       0x000002a9   Thumb Code    26  __scatter_copy.o(!!handler_copy)
    __scatterload_zeroinit                   0x000002c5   Thumb Code    28  __scatter_zi.o(!!handler_zi)
    _printf_n                                0x000002e1   Thumb Code     0  _printf_n.o(.ARM.Collect$$_printf_percent$$00000001)
    _printf_percent                          0x000002e1   Thumb Code     0  _printf_percent.o(.ARM.Collect$$_printf_percent$$00000000)
    _printf_p                                0x000002e7   Thumb Code     0  _printf_p.o(.ARM.Collect$$_printf_percent$$00000002)
    _printf_f                                0x000002ed   Thumb Code     0  _printf_f.o(.ARM.Collect$$_printf_percent$$00000003)
    _printf_e                                0x000002f3   Thumb Code     0  _printf_e.o(.ARM.Collect$$_printf_percent$$00000004)
    _printf_g                                0x000002f9   Thumb Code     0  _printf_g.o(.ARM.Collect$$_printf_percent$$00000005)
    _printf_a                                0x000002ff   Thumb Code     0  _printf_a.o(.ARM.Collect$$_printf_percent$$00000006)
    _printf_ll                               0x00000305   Thumb Code     0  _printf_ll.o(.ARM.Collect$$_printf_percent$$00000007)
    _printf_i                                0x0000030f   Thumb Code     0  _printf_i.o(.ARM.Collect$$_printf_percent$$00000008)
    _printf_d                                0x00000315   Thumb Code     0  _printf_d.o(.ARM.Collect$$_printf_percent$$00000009)
    _printf_u                                0x0000031b   Thumb Code     0  _printf_u.o(.ARM.Collect$$_printf_percent$$0000000A)
    _printf_o                                0x00000321   Thumb Code     0  _printf_o.o(.ARM.Collect$$_printf_percent$$0000000B)
    _printf_x                                0x00000327   Thumb Code     0  _printf_x.o(.ARM.Collect$$_printf_percent$$0000000C)
    _printf_lli                              0x0000032d   Thumb Code     0  _printf_lli.o(.ARM.Collect$$_printf_percent$$0000000D)
    _printf_lld                              0x00000333   Thumb Code     0  _printf_lld.o(.ARM.Collect$$_printf_percent$$0000000E)
    _printf_llu                              0x00000339   Thumb Code     0  _printf_llu.o(.ARM.Collect$$_printf_percent$$0000000F)
    _printf_llo                              0x0000033f   Thumb Code     0  _printf_llo.o(.ARM.Collect$$_printf_percent$$00000010)
    _printf_llx                              0x00000345   Thumb Code     0  _printf_llx.o(.ARM.Collect$$_printf_percent$$00000011)
    _printf_l                                0x0000034b   Thumb Code     0  _printf_l.o(.ARM.Collect$$_printf_percent$$00000012)
    _printf_c                                0x00000355   Thumb Code     0  _printf_c.o(.ARM.Collect$$_printf_percent$$00000013)
    _printf_s                                0x0000035b   Thumb Code     0  _printf_s.o(.ARM.Collect$$_printf_percent$$00000014)
    _printf_lc                               0x00000361   Thumb Code     0  _printf_lc.o(.ARM.Collect$$_printf_percent$$00000015)
    _printf_ls                               0x00000367   Thumb Code     0  _printf_ls.o(.ARM.Collect$$_printf_percent$$00000016)
    _printf_percent_end                      0x0000036d   Thumb Code     0  _printf_percent_end.o(.ARM.Collect$$_printf_percent$$00000017)
    __rt_lib_init                            0x00000371   Thumb Code     0  libinit.o(.ARM.Collect$$libinit$$00000000)
    __rt_lib_init_fp_1                       0x00000373   Thumb Code     0  libinit2.o(.ARM.Collect$$libinit$$00000001)
    __rt_lib_init_heap_1                     0x00000377   Thumb Code     0  libinit2.o(.ARM.Collect$$libinit$$0000000C)
    __rt_lib_init_lc_common                  0x00000377   Thumb Code     0  libinit2.o(.ARM.Collect$$libinit$$00000011)
    __rt_lib_init_preinit_1                  0x00000377   Thumb Code     0  libinit2.o(.ARM.Collect$$libinit$$00000006)
    __rt_lib_init_rand_1                     0x00000377   Thumb Code     0  libinit2.o(.ARM.Collect$$libinit$$00000010)
    __rt_lib_init_relocate_pie_1             0x00000377   Thumb Code     0  libinit2.o(.ARM.Collect$$libinit$$00000004)
    __rt_lib_init_user_alloc_1               0x00000377   Thumb Code     0  libinit2.o(.ARM.Collect$$libinit$$0000000E)
    __rt_lib_init_lc_collate_1               0x0000037d   Thumb Code     0  libinit2.o(.ARM.Collect$$libinit$$00000013)
    __rt_lib_init_lc_ctype_2                 0x0000037d   Thumb Code     0  libinit2.o(.ARM.Collect$$libinit$$00000014)
    __rt_lib_init_lc_ctype_1                 0x00000389   Thumb Code     0  libinit2.o(.ARM.Collect$$libinit$$00000015)
    __rt_lib_init_lc_monetary_1              0x00000389   Thumb Code     0  libinit2.o(.ARM.Collect$$libinit$$00000017)
    __rt_lib_init_lc_numeric_2               0x00000389   Thumb Code     0  libinit2.o(.ARM.Collect$$libinit$$00000018)
    __rt_lib_init_alloca_1                   0x00000393   Thumb Code     0  libinit2.o(.ARM.Collect$$libinit$$00000030)
    __rt_lib_init_argv_1                     0x00000393   Thumb Code     0  libinit2.o(.ARM.Collect$$libinit$$0000002E)
    __rt_lib_init_atexit_1                   0x00000393   Thumb Code     0  libinit2.o(.ARM.Collect$$libinit$$0000001D)
    __rt_lib_init_clock_1                    0x00000393   Thumb Code     0  libinit2.o(.ARM.Collect$$libinit$$00000023)
    __rt_lib_init_cpp_1                      0x00000393   Thumb Code     0  libinit2.o(.ARM.Collect$$libinit$$00000034)
    __rt_lib_init_exceptions_1               0x00000393   Thumb Code     0  libinit2.o(.ARM.Collect$$libinit$$00000032)
    __rt_lib_init_fp_trap_1                  0x00000393   Thumb Code     0  libinit2.o(.ARM.Collect$$libinit$$00000021)
    __rt_lib_init_getenv_1                   0x00000393   Thumb Code     0  libinit2.o(.ARM.Collect$$libinit$$00000025)
    __rt_lib_init_lc_numeric_1               0x00000393   Thumb Code     0  libinit2.o(.ARM.Collect$$libinit$$00000019)
    __rt_lib_init_lc_time_1                  0x00000393   Thumb Code     0  libinit2.o(.ARM.Collect$$libinit$$0000001B)
    __rt_lib_init_return                     0x00000393   Thumb Code     0  libinit2.o(.ARM.Collect$$libinit$$00000035)
    __rt_lib_init_signal_1                   0x00000393   Thumb Code     0  libinit2.o(.ARM.Collect$$libinit$$0000001F)
    __rt_lib_init_stdio_1                    0x00000393   Thumb Code     0  libinit2.o(.ARM.Collect$$libinit$$00000027)
    __rt_lib_shutdown                        0x00000395   Thumb Code     0  libshutdown.o(.ARM.Collect$$libshutdown$$00000000)
    __rt_lib_shutdown_cpp_1                  0x00000397   Thumb Code     0  libshutdown2.o(.ARM.Collect$$libshutdown$$00000002)
    __rt_lib_shutdown_fp_trap_1              0x00000397   Thumb Code     0  libshutdown2.o(.ARM.Collect$$libshutdown$$00000007)
    __rt_lib_shutdown_heap_1                 0x00000397   Thumb Code     0  libshutdown2.o(.ARM.Collect$$libshutdown$$0000000F)
    __rt_lib_shutdown_return                 0x00000397   Thumb Code     0  libshutdown2.o(.ARM.Collect$$libshutdown$$00000010)
    __rt_lib_shutdown_signal_1               0x00000397   Thumb Code     0  libshutdown2.o(.ARM.Collect$$libshutdown$$0000000A)
    __rt_lib_shutdown_stdio_1                0x00000397   Thumb Code     0  libshutdown2.o(.ARM.Collect$$libshutdown$$00000004)
    __rt_lib_shutdown_user_alloc_1           0x00000397   Thumb Code     0  libshutdown2.o(.ARM.Collect$$libshutdown$$0000000C)
    __rt_entry                               0x00000399   Thumb Code     0  __rtentry.o(.ARM.Collect$$rtentry$$00000000)
    __rt_entry_presh_1                       0x00000399   Thumb Code     0  __rtentry2.o(.ARM.Collect$$rtentry$$00000002)
    __rt_entry_sh                            0x00000399   Thumb Code     0  __rtentry4.o(.ARM.Collect$$rtentry$$00000004)
    __rt_entry_li                            0x0000039f   Thumb Code     0  __rtentry2.o(.ARM.Collect$$rtentry$$0000000A)
    __rt_entry_postsh_1                      0x0000039f   Thumb Code     0  __rtentry2.o(.ARM.Collect$$rtentry$$00000009)
    __rt_entry_main                          0x000003a3   Thumb Code     0  __rtentry2.o(.ARM.Collect$$rtentry$$0000000D)
    __rt_entry_postli_1                      0x000003a3   Thumb Code     0  __rtentry2.o(.ARM.Collect$$rtentry$$0000000C)
    __rt_exit                                0x000003ab   Thumb Code     0  rtexit.o(.ARM.Collect$$rtexit$$00000000)
    __rt_exit_ls                             0x000003ad   Thumb Code     0  rtexit2.o(.ARM.Collect$$rtexit$$00000003)
    __rt_exit_prels_1                        0x000003ad   Thumb Code     0  rtexit2.o(.ARM.Collect$$rtexit$$00000002)
    __rt_exit_exit                           0x000003b1   Thumb Code     0  rtexit2.o(.ARM.Collect$$rtexit$$00000004)
    LCD_Init                                 0x000003b9   Thumb Code     0  lcd_driver.o(.text)
    setLocation                              0x000004a5   Thumb Code     0  lcd_driver.o(.text)
    sendBYTE                                 0x000004d3   Thumb Code     0  lcd_driver.o(.text)
    sendCHAR                                 0x000004e9   Thumb Code     0  lcd_driver.o(.text)
    sendSTRING                               0x00000549   Thumb Code     0  lcd_driver.o(.text)
    sendSTRINGinverse                        0x00000565   Thumb Code     0  lcd_driver.o(.text)
    LCD_Clear                                0x00000581   Thumb Code     2  lcd_driver.o(.text)
    plotGraph                                0x00000599   Thumb Code     0  lcd_driver.o(.text)
    msDelay                                  0x000005ef   Thumb Code     2  lcd_driver.o(.text)
    OutStr                                   0x00000649   Thumb Code     0  outstr.o(.text)
    Reset_Handler                            0x00000735   Thumb Code     8  startup_tm4c123.o(.text)
    NMI_Handler                              0x0000073d   Thumb Code     2  startup_tm4c123.o(.text)
    HardFault_Handler                        0x0000073f   Thumb Code     2  startup_tm4c123.o(.text)
    MemManage_Handler                        0x00000741   Thumb Code     2  startup_tm4c123.o(.text)
    BusFault_Handler                         0x00000743   Thumb Code     2  startup_tm4c123.o(.text)
    UsageFault_Handler                       0x00000745   Thumb Code     2  startup_tm4c123.o(.text)
    SVC_Handler                              0x00000747   Thumb Code     2  startup_tm4c123.o(.text)
    DebugMon_Handler                         0x00000749   Thumb Code     2  startup_tm4c123.o(.text)
    PendSV_Handler                           0x0000074b   Thumb Code     2  startup_tm4c123.o(.text)
    GPIOA_Handler                            0x0000074f   Thumb Code     2  startup_tm4c123.o(.text)
    GPIOB_Handler                            0x00000751   Thumb Code     2  startup_tm4c123.o(.text)
    GPIOC_Handler                            0x00000753   Thumb Code     2  startup_tm4c123.o(.text)
    GPIOD_Handler                            0x00000755   Thumb Code     2  startup_tm4c123.o(.text)
    GPIOE_Handler                            0x00000757   Thumb Code     2  startup_tm4c123.o(.text)
    UART0_Handler                            0x00000759   Thumb Code     2  startup_tm4c123.o(.text)
    UART1_Handler                            0x0000075b   Thumb Code     2  startup_tm4c123.o(.text)
    SSI0_Handler                             0x0000075d   Thumb Code     2  startup_tm4c123.o(.text)
    I2C0_Handler                             0x0000075f   Thumb Code     2  startup_tm4c123.o(.text)
    PMW0_FAULT_Handler                       0x00000761   Thumb Code     2  startup_tm4c123.o(.text)
    PWM0_0_Handler                           0x00000763   Thumb Code     2  startup_tm4c123.o(.text)
    PWM0_1_Handler                           0x00000765   Thumb Code     2  startup_tm4c123.o(.text)
    PWM0_2_Handler                           0x00000767   Thumb Code     2  startup_tm4c123.o(.text)
    QEI0_Handler                             0x00000769   Thumb Code     2  startup_tm4c123.o(.text)
    ADC0SS0_Handler                          0x0000076b   Thumb Code     2  startup_tm4c123.o(.text)
    ADC0SS1_Handler                          0x0000076d   Thumb Code     2  startup_tm4c123.o(.text)
    ADC0SS2_Handler                          0x0000076f   Thumb Code     2  startup_tm4c123.o(.text)
    ADC0SS3_Handler                          0x00000771   Thumb Code     2  startup_tm4c123.o(.text)
    WDT0_Handler                             0x00000773   Thumb Code     2  startup_tm4c123.o(.text)
    TIMER0B_Handler                          0x00000777   Thumb Code     2  startup_tm4c123.o(.text)
    TIMER1B_Handler                          0x0000077b   Thumb Code     2  startup_tm4c123.o(.text)
    TIMER2A_Handler                          0x0000077d   Thumb Code     2  startup_tm4c123.o(.text)
    TIMER2B_Handler                          0x0000077f   Thumb Code     2  startup_tm4c123.o(.text)
    COMP0_Handler                            0x00000781   Thumb Code     2  startup_tm4c123.o(.text)
    COMP1_Handler                            0x00000783   Thumb Code     2  startup_tm4c123.o(.text)
    COMP2_Handler                            0x00000785   Thumb Code     2  startup_tm4c123.o(.text)
    SYSCTL_Handler                           0x00000787   Thumb Code     2  startup_tm4c123.o(.text)
    FLASH_Handler                            0x00000789   Thumb Code     2  startup_tm4c123.o(.text)
    GPIOF_Handler                            0x0000078b   Thumb Code     2  startup_tm4c123.o(.text)
    GPIOG_Handler                            0x0000078d   Thumb Code     2  startup_tm4c123.o(.text)
    GPIOH_Handler                            0x0000078f   Thumb Code     2  startup_tm4c123.o(.text)
    UART2_Handler                            0x00000791   Thumb Code     2  startup_tm4c123.o(.text)
    SSI1_Handler                             0x00000793   Thumb Code     2  startup_tm4c123.o(.text)
    TIMER3A_Handler                          0x00000795   Thumb Code     2  startup_tm4c123.o(.text)
    TIMER3B_Handler                          0x00000797   Thumb Code     2  startup_tm4c123.o(.text)
    I2C1_Handler                             0x00000799   Thumb Code     2  startup_tm4c123.o(.text)
    QEI1_Handler                             0x0000079b   Thumb Code     2  startup_tm4c123.o(.text)
    CAN0_Handler                             0x0000079d   Thumb Code     2  startup_tm4c123.o(.text)
    CAN1_Handler                             0x0000079f   Thumb Code     2  startup_tm4c123.o(.text)
    CAN2_Handler                             0x000007a1   Thumb Code     2  startup_tm4c123.o(.text)
    HIB_Handler                              0x000007a3   Thumb Code     2  startup_tm4c123.o(.text)
    USB0_Handler                             0x000007a5   Thumb Code     2  startup_tm4c123.o(.text)
    PWM0_3_Handler                           0x000007a7   Thumb Code     2  startup_tm4c123.o(.text)
    UDMA_Handler                             0x000007a9   Thumb Code     2  startup_tm4c123.o(.text)
    UDMAERR_Handler                          0x000007ab   Thumb Code     2  startup_tm4c123.o(.text)
    ADC1SS0_Handler                          0x000007ad   Thumb Code     2  startup_tm4c123.o(.text)
    ADC1SS1_Handler                          0x000007af   Thumb Code     2  startup_tm4c123.o(.text)
    ADC1SS2_Handler                          0x000007b1   Thumb Code     2  startup_tm4c123.o(.text)
    ADC1SS3_Handler                          0x000007b3   Thumb Code     2  startup_tm4c123.o(.text)
    GPIOJ_Handler                            0x000007b5   Thumb Code     2  startup_tm4c123.o(.text)
    GPIOK_Handler                            0x000007b7   Thumb Code     2  startup_tm4c123.o(.text)
    GPIOL_Handler                            0x000007b9   Thumb Code     2  startup_tm4c123.o(.text)
    SSI2_Handler                             0x000007bb   Thumb Code     2  startup_tm4c123.o(.text)
    SSI3_Handler                             0x000007bd   Thumb Code     2  startup_tm4c123.o(.text)
    UART3_Handler                            0x000007bf   Thumb Code     2  startup_tm4c123.o(.text)
    UART4_Handler                            0x000007c1   Thumb Code     2  startup_tm4c123.o(.text)
    UART5_Handler                            0x000007c3   Thumb Code     2  startup_tm4c123.o(.text)
    UART6_Handler                            0x000007c5   Thumb Code     2  startup_tm4c123.o(.text)
    UART7_Handler                            0x000007c7   Thumb Code     2  startup_tm4c123.o(.text)
    I2C2_Handler                             0x000007c9   Thumb Code     2  startup_tm4c123.o(.text)
    I2C3_Handler                             0x000007cb   Thumb Code     2  startup_tm4c123.o(.text)
    TIMER4A_Handler                          0x000007cd   Thumb Code     2  startup_tm4c123.o(.text)
    TIMER4B_Handler                          0x000007cf   Thumb Code     2  startup_tm4c123.o(.text)
    TIMER5A_Handler                          0x000007d1   Thumb Code     2  startup_tm4c123.o(.text)
    TIMER5B_Handler                          0x000007d3   Thumb Code     2  startup_tm4c123.o(.text)
    WTIMER0A_Handler                         0x000007d5   Thumb Code     2  startup_tm4c123.o(.text)
    WTIMER0B_Handler                         0x000007d7   Thumb Code     2  startup_tm4c123.o(.text)
    WTIMER1A_Handler                         0x000007d9   Thumb Code     2  startup_tm4c123.o(.text)
    WTIMER1B_Handler                         0x000007db   Thumb Code     2  startup_tm4c123.o(.text)
    WTIMER2A_Handler                         0x000007dd   Thumb Code     2  startup_tm4c123.o(.text)
    WTIMER2B_Handler                         0x000007df   Thumb Code     2  startup_tm4c123.o(.text)
    WTIMER3A_Handler                         0x000007e1   Thumb Code     2  startup_tm4c123.o(.text)
    WTIMER3B_Handler                         0x000007e3   Thumb Code     2  startup_tm4c123.o(.text)
    WTIMER4A_Handler                         0x000007e5   Thumb Code     2  startup_tm4c123.o(.text)
    WTIMER4B_Handler                         0x000007e7   Thumb Code     2  startup_tm4c123.o(.text)
    WTIMER5A_Handler                         0x000007e9   Thumb Code     2  startup_tm4c123.o(.text)
    WTIMER5B_Handler                         0x000007eb   Thumb Code     2  startup_tm4c123.o(.text)
    FPU_Handler                              0x000007ed   Thumb Code     2  startup_tm4c123.o(.text)
    I2C4_Handler                             0x000007ef   Thumb Code     2  startup_tm4c123.o(.text)
    I2C5_Handler                             0x000007f1   Thumb Code     2  startup_tm4c123.o(.text)
    GPIOM_Handler                            0x000007f3   Thumb Code     2  startup_tm4c123.o(.text)
    GPION_Handler                            0x000007f5   Thumb Code     2  startup_tm4c123.o(.text)
    QEI2_Handler                             0x000007f7   Thumb Code     2  startup_tm4c123.o(.text)
    GPIOP0_Handler                           0x000007f9   Thumb Code     2  startup_tm4c123.o(.text)
    GPIOP1_Handler                           0x000007fb   Thumb Code     2  startup_tm4c123.o(.text)
    GPIOP2_Handler                           0x000007fd   Thumb Code     2  startup_tm4c123.o(.text)
    GPIOP3_Handler                           0x000007ff   Thumb Code     2  startup_tm4c123.o(.text)
    GPIOP4_Handler                           0x00000801   Thumb Code     2  startup_tm4c123.o(.text)
    GPIOP5_Handler                           0x00000803   Thumb Code     2  startup_tm4c123.o(.text)
    GPIOP6_Handler                           0x00000805   Thumb Code     2  startup_tm4c123.o(.text)
    GPIOP7_Handler                           0x00000807   Thumb Code     2  startup_tm4c123.o(.text)
    GPIOQ0_Handler                           0x00000809   Thumb Code     2  startup_tm4c123.o(.text)
    GPIOQ1_Handler                           0x0000080b   Thumb Code     2  startup_tm4c123.o(.text)
    GPIOQ2_Handler                           0x0000080d   Thumb Code     2  startup_tm4c123.o(.text)
    GPIOQ3_Handler                           0x0000080f   Thumb Code     2  startup_tm4c123.o(.text)
    GPIOQ4_Handler                           0x00000811   Thumb Code     2  startup_tm4c123.o(.text)
    GPIOQ5_Handler                           0x00000813   Thumb Code     2  startup_tm4c123.o(.text)
    GPIOQ6_Handler                           0x00000815   Thumb Code     2  startup_tm4c123.o(.text)
    GPIOQ7_Handler                           0x00000817   Thumb Code     2  startup_tm4c123.o(.text)
    GPIOR_Handler                            0x00000819   Thumb Code     2  startup_tm4c123.o(.text)
    GPIOS_Handler                            0x0000081b   Thumb Code     2  startup_tm4c123.o(.text)
    PMW1_0_Handler                           0x0000081d   Thumb Code     2  startup_tm4c123.o(.text)
    PWM1_1_Handler                           0x0000081f   Thumb Code     2  startup_tm4c123.o(.text)
    PWM1_2_Handler                           0x00000821   Thumb Code     2  startup_tm4c123.o(.text)
    PWM1_3_Handler                           0x00000823   Thumb Code     2  startup_tm4c123.o(.text)
    PWM1_FAULT_Handler                       0x00000825   Thumb Code     2  startup_tm4c123.o(.text)
    __user_initial_stackheap                 0x00000829   Thumb Code     0  startup_tm4c123.o(.text)
    sprintf                                  0x00000849   Thumb Code    38  sprintf.o(.text)
    __use_two_region_memory                  0x00000875   Thumb Code     2  heapauxi.o(.text)
    __rt_heap_escrow$2region                 0x00000877   Thumb Code     2  heapauxi.o(.text)
    __rt_heap_expand$2region                 0x00000879   Thumb Code     2  heapauxi.o(.text)
    _printf_pre_padding                      0x0000087b   Thumb Code    44  _printf_pad.o(.text)
    _printf_post_padding                     0x000008a7   Thumb Code    34  _printf_pad.o(.text)
    _printf_truncate_signed                  0x000008c9   Thumb Code    18  _printf_truncate.o(.text)
    _printf_truncate_unsigned                0x000008db   Thumb Code    18  _printf_truncate.o(.text)
    _printf_str                              0x000008ed   Thumb Code    82  _printf_str.o(.text)
    _printf_int_dec                          0x00000941   Thumb Code   104  _printf_dec.o(.text)
    _printf_charcount                        0x000009b9   Thumb Code    40  _printf_charcount.o(.text)
    _printf_char_common                      0x000009eb   Thumb Code    32  _printf_char_common.o(.text)
    _sputc                                   0x00000a11   Thumb Code    10  _sputc.o(.text)
    _printf_wctomb                           0x00000a1d   Thumb Code   182  _printf_wctomb.o(.text)
    _printf_longlong_dec                     0x00000ad9   Thumb Code   108  _printf_longlong_dec.o(.text)
    _printf_longlong_oct                     0x00000b55   Thumb Code    68  _printf_oct_int_ll.o(.text)
    _printf_int_oct                          0x00000b99   Thumb Code    24  _printf_oct_int_ll.o(.text)
    _printf_ll_oct                           0x00000bb1   Thumb Code    12  _printf_oct_int_ll.o(.text)
    _printf_longlong_hex                     0x00000bc5   Thumb Code    86  _printf_hex_int_ll_ptr.o(.text)
    _printf_int_hex                          0x00000c1b   Thumb Code    28  _printf_hex_int_ll_ptr.o(.text)
    _printf_ll_hex                           0x00000c37   Thumb Code    12  _printf_hex_int_ll_ptr.o(.text)
    _printf_hex_ptr                          0x00000c43   Thumb Code    18  _printf_hex_int_ll_ptr.o(.text)
    __printf                                 0x00000c59   Thumb Code   388  __printf_flags_ss_wp.o(.text)
    _ll_udiv10                               0x00000de1   Thumb Code   138  lludiv10.o(.text)
    _printf_int_common                       0x00000e6b   Thumb Code   178  _printf_intcommon.o(.text)
    _printf_fp_dec_real                      0x000010cd   Thumb Code   620  _printf_fp_dec.o(.text)
    _printf_fp_hex_real                      0x00001339   Thumb Code   756  _printf_fp_hex.o(.text)
    _printf_cs_common                        0x00001635   Thumb Code    20  _printf_char.o(.text)
    _printf_char                             0x00001649   Thumb Code    16  _printf_char.o(.text)
    _printf_string                           0x00001659   Thumb Code     8  _printf_char.o(.text)
    _printf_lcs_common                       0x00001661   Thumb Code    20  _printf_wchar.o(.text)
    _printf_wchar                            0x00001675   Thumb Code    16  _printf_wchar.o(.text)
    _printf_wstring                          0x00001685   Thumb Code     8  _printf_wchar.o(.text)
    _c16rtomb                                0x0000168d   Thumb Code    72  _c16rtomb.o(.text)
    _wcrtomb                                 0x0000168d   Thumb Code     0  _c16rtomb.o(.text)
    __user_setup_stackheap                   0x000016d5   Thumb Code    74  sys_stackheap_outer.o(.text)
    __rt_ctype_table                         0x00001721   Thumb Code    16  rt_ctype_table.o(.text)
    __rt_locale                              0x00001731   Thumb Code     8  rt_locale_intlibspace.o(.text)
    _printf_fp_infnan                        0x00001739   Thumb Code   112  _printf_fp_infnan.o(.text)
    _btod_etento                             0x000017b9   Thumb Code   224  bigflt0.o(.text)
    exit                                     0x0000189d   Thumb Code    18  exit.o(.text)
    __user_libspace                          0x000018b1   Thumb Code     8  libspace.o(.text)
    __user_perproc_libspace                  0x000018b1   Thumb Code     0  libspace.o(.text)
    __user_perthread_libspace                0x000018b1   Thumb Code     0  libspace.o(.text)
    strcmp                                   0x000018b9   Thumb Code   124  strcmpv7em.o(.text)
    _sys_exit                                0x00001935   Thumb Code     8  sys_exit.o(.text)
    __I$use$semihosting                      0x00001941   Thumb Code     0  use_no_semi.o(.text)
    __use_no_semihosting_swi                 0x00001941   Thumb Code     2  use_no_semi.o(.text)
    __semihosting_library_function           0x00001943   Thumb Code     0  indicate_semi.o(.text)
    LEDnMotorInitialization                  0x00001945   Thumb Code    72  main.o(.text.LEDnMotorInitialization)
    SW_Init                                  0x0000198d   Thumb Code    88  main.o(.text.SW_Init)
    SysTick_Handler                          0x000019e5   Thumb Code    14  main.o(.text.SysTick_Handler)
    SystemInit                               0x000019f5   Thumb Code    18  system_tm4c123.o(.text.SystemInit)
    TIMER0A_Handler                          0x00001a09   Thumb Code    16  main.o(.text.TIMER0A_Handler)
    TIMER1A_Handler                          0x00001a19   Thumb Code    16  main.o(.text.TIMER1A_Handler)
    WaterSensor_ADC_Initialization           0x00001a29   Thumb Code   218  main.o(.text.WaterSensor_ADC_Initialization)
    main                                     0x00001b05   Thumb Code   990  main.o(.text.main)
    num2str                                  0x00001ee5   Thumb Code    28  main.o(.text.num2str)
    readLimits                               0x00001f01   Thumb Code    76  main.o(.text.readLimits)
    readSW                                   0x00001f4d   Thumb Code    56  main.o(.text.readSW)
    readWaterLevel                           0x00001f85   Thumb Code    76  main.o(.text.readWaterLevel)
    setLimit_ADC_Initialization              0x00001fd1   Thumb Code   184  main.o(.text.setLimit_ADC_Initialization)
    sysTick_1sec_delay                       0x00002089   Thumb Code    40  main.o(.text.sysTick_1sec_delay)
    updateLED                                0x000020b1   Thumb Code   134  main.o(.text.updateLED)
    _btod_d2e                                0x00002137   Thumb Code    62  btod.o(CL$$btod_d2e)
    _d2e_denorm_low                          0x00002175   Thumb Code    70  btod.o(CL$$btod_d2e_denorm_low)
    _d2e_norm_op1                            0x000021bb   Thumb Code    96  btod.o(CL$$btod_d2e_norm_op1)
    __btod_div_common                        0x0000221d   Thumb Code   696  btod.o(CL$$btod_div_common)
    _e2e                                     0x00002555   Thumb Code   220  btod.o(CL$$btod_e2e)
    _btod_ediv                               0x00002631   Thumb Code    42  btod.o(CL$$btod_ediv)
    _btod_emul                               0x0000265b   Thumb Code    42  btod.o(CL$$btod_emul)
    __btod_mult_common                       0x00002685   Thumb Code   580  btod.o(CL$$btod_mult_common)
    __ARM_fpclassify                         0x000028c9   Thumb Code    48  fpclassify.o(i.__ARM_fpclassify)
    _is_digit                                0x000028f9   Thumb Code    14  __printf_wp.o(i._is_digit)
    _get_lc_numeric                          0x00002909   Thumb Code    44  lc_numeric_c.o(locale$$code)
    _get_lc_ctype                            0x00002935   Thumb Code    44  lc_ctype_c.o(locale$$code)
    _fp_init                                 0x00002b85   Thumb Code    26  fpinit.o(x$fpl$fpinit)
    __fplib_config_fpu_vfp                   0x00002b9d   Thumb Code     0  fpinit.o(x$fpl$fpinit)
    __fplib_config_pureend_doubles           0x00002b9d   Thumb Code     0  fpinit.o(x$fpl$fpinit)
    _printf_fp_dec                           0x00002b9f   Thumb Code     4  printf1.o(x$fpl$printf1)
    _printf_fp_hex                           0x00002ba3   Thumb Code     4  printf2.o(x$fpl$printf2)
    __I$use$fp                               0x00002ba6   Number         0  usenofp.o(x$fpl$usenofp)
    Region$$Table$$Base                      0x00002d04   Number         0  anon$$obj.o(Region$$Table)
    Region$$Table$$Limit                     0x00002d24   Number         0  anon$$obj.o(Region$$Table)
    __ctype                                  0x00002d4d   Data           0  lc_ctype_c.o(locale$$data)
    plotCounter                              0x20000000   Data           1  main.o(.data.plotCounter)
    __libspace_start                         0x20000008   Data          96  libspace.o(.bss)
    __temporary_stack_top$libspace           0x20000068   Data           0  libspace.o(.bss)
    buffer                                   0x20000068   Data        1024  main.o(.bss.buffer)
    currLevel                                0x20000468   Data           4  main.o(.bss.currLevel)
    currentBufferSize                        0x2000046c   Data           4  main.o(.bss.currentBufferSize)
    highLimit                                0x20000470   Data           4  main.o(.bss.highLimit)
    lowLimit                                 0x20000474   Data           4  main.o(.bss.lowLimit)
    modeChangeFlag                           0x20000478   Data           1  main.o(.bss.modeChangeFlag)
    sensorFlag                               0x20000479   Data           1  main.o(.bss.sensorFlag)
    state                                    0x2000047c   Data           4  main.o(.bss.state)
    str                                      0x20000480   Data         100  main.o(.bss.str)



==============================================================================

Memory Map of the image

  Image Entry point : 0x00000735

  Load Region LR_1 (Base: 0x00000000, Size: 0x00002e54, Max: 0xffffffff, ABSOLUTE)

    Execution Region ER_RO (Exec base: 0x00000000, Load base: 0x00000000, Size: 0x00002e50, Max: 0xffffffff, ABSOLUTE)

    Exec Addr    Load Addr    Size         Type   Attr      Idx    E Section Name        Object

    0x00000000   0x00000000   0x0000026c   Data   RO           67    RESET               startup_tm4c123.o
    0x0000026c   0x0000026c   0x00000008   Code   RO           92  * !!!main             c_w.l(__main.o)
    0x00000274   0x00000274   0x00000034   Code   RO          429    !!!scatter          c_w.l(__scatter.o)
    0x000002a8   0x000002a8   0x0000001a   Code   RO          431    !!handler_copy      c_w.l(__scatter_copy.o)
    0x000002c2   0x000002c2   0x00000002   PAD
    0x000002c4   0x000002c4   0x0000001c   Code   RO          433    !!handler_zi        c_w.l(__scatter_zi.o)
    0x000002e0   0x000002e0   0x00000000   Code   RO          176    .ARM.Collect$$_printf_percent$$00000000  c_w.l(_printf_percent.o)
    0x000002e0   0x000002e0   0x00000006   Code   RO          165    .ARM.Collect$$_printf_percent$$00000001  c_w.l(_printf_n.o)
    0x000002e6   0x000002e6   0x00000006   Code   RO          167    .ARM.Collect$$_printf_percent$$00000002  c_w.l(_printf_p.o)
    0x000002ec   0x000002ec   0x00000006   Code   RO          172    .ARM.Collect$$_printf_percent$$00000003  c_w.l(_printf_f.o)
    0x000002f2   0x000002f2   0x00000006   Code   RO          173    .ARM.Collect$$_printf_percent$$00000004  c_w.l(_printf_e.o)
    0x000002f8   0x000002f8   0x00000006   Code   RO          174    .ARM.Collect$$_printf_percent$$00000005  c_w.l(_printf_g.o)
    0x000002fe   0x000002fe   0x00000006   Code   RO          175    .ARM.Collect$$_printf_percent$$00000006  c_w.l(_printf_a.o)
    0x00000304   0x00000304   0x0000000a   Code   RO          180    .ARM.Collect$$_printf_percent$$00000007  c_w.l(_printf_ll.o)
    0x0000030e   0x0000030e   0x00000006   Code   RO          169    .ARM.Collect$$_printf_percent$$00000008  c_w.l(_printf_i.o)
    0x00000314   0x00000314   0x00000006   Code   RO          170    .ARM.Collect$$_printf_percent$$00000009  c_w.l(_printf_d.o)
    0x0000031a   0x0000031a   0x00000006   Code   RO          171    .ARM.Collect$$_printf_percent$$0000000A  c_w.l(_printf_u.o)
    0x00000320   0x00000320   0x00000006   Code   RO          168    .ARM.Collect$$_printf_percent$$0000000B  c_w.l(_printf_o.o)
    0x00000326   0x00000326   0x00000006   Code   RO          166    .ARM.Collect$$_printf_percent$$0000000C  c_w.l(_printf_x.o)
    0x0000032c   0x0000032c   0x00000006   Code   RO          177    .ARM.Collect$$_printf_percent$$0000000D  c_w.l(_printf_lli.o)
    0x00000332   0x00000332   0x00000006   Code   RO          178    .ARM.Collect$$_printf_percent$$0000000E  c_w.l(_printf_lld.o)
    0x00000338   0x00000338   0x00000006   Code   RO          179    .ARM.Collect$$_printf_percent$$0000000F  c_w.l(_printf_llu.o)
    0x0000033e   0x0000033e   0x00000006   Code   RO          184    .ARM.Collect$$_printf_percent$$00000010  c_w.l(_printf_llo.o)
    0x00000344   0x00000344   0x00000006   Code   RO          185    .ARM.Collect$$_printf_percent$$00000011  c_w.l(_printf_llx.o)
    0x0000034a   0x0000034a   0x0000000a   Code   RO          181    .ARM.Collect$$_printf_percent$$00000012  c_w.l(_printf_l.o)
    0x00000354   0x00000354   0x00000006   Code   RO          163    .ARM.Collect$$_printf_percent$$00000013  c_w.l(_printf_c.o)
    0x0000035a   0x0000035a   0x00000006   Code   RO          164    .ARM.Collect$$_printf_percent$$00000014  c_w.l(_printf_s.o)
    0x00000360   0x00000360   0x00000006   Code   RO          182    .ARM.Collect$$_printf_percent$$00000015  c_w.l(_printf_lc.o)
    0x00000366   0x00000366   0x00000006   Code   RO          183    .ARM.Collect$$_printf_percent$$00000016  c_w.l(_printf_ls.o)
    0x0000036c   0x0000036c   0x00000004   Code   RO          226    .ARM.Collect$$_printf_percent$$00000017  c_w.l(_printf_percent_end.o)
    0x00000370   0x00000370   0x00000002   Code   RO          277    .ARM.Collect$$libinit$$00000000  c_w.l(libinit.o)
    0x00000372   0x00000372   0x00000004   Code   RO          295    .ARM.Collect$$libinit$$00000001  c_w.l(libinit2.o)
    0x00000376   0x00000376   0x00000000   Code   RO          298    .ARM.Collect$$libinit$$00000004  c_w.l(libinit2.o)
    0x00000376   0x00000376   0x00000000   Code   RO          300    .ARM.Collect$$libinit$$00000006  c_w.l(libinit2.o)
    0x00000376   0x00000376   0x00000000   Code   RO          303    .ARM.Collect$$libinit$$0000000C  c_w.l(libinit2.o)
    0x00000376   0x00000376   0x00000000   Code   RO          305    .ARM.Collect$$libinit$$0000000E  c_w.l(libinit2.o)
    0x00000376   0x00000376   0x00000000   Code   RO          307    .ARM.Collect$$libinit$$00000010  c_w.l(libinit2.o)
    0x00000376   0x00000376   0x00000006   Code   RO          308    .ARM.Collect$$libinit$$00000011  c_w.l(libinit2.o)
    0x0000037c   0x0000037c   0x00000000   Code   RO          310    .ARM.Collect$$libinit$$00000013  c_w.l(libinit2.o)
    0x0000037c   0x0000037c   0x0000000c   Code   RO          311    .ARM.Collect$$libinit$$00000014  c_w.l(libinit2.o)
    0x00000388   0x00000388   0x00000000   Code   RO          312    .ARM.Collect$$libinit$$00000015  c_w.l(libinit2.o)
    0x00000388   0x00000388   0x00000000   Code   RO          314    .ARM.Collect$$libinit$$00000017  c_w.l(libinit2.o)
    0x00000388   0x00000388   0x0000000a   Code   RO          315    .ARM.Collect$$libinit$$00000018  c_w.l(libinit2.o)
    0x00000392   0x00000392   0x00000000   Code   RO          316    .ARM.Collect$$libinit$$00000019  c_w.l(libinit2.o)
    0x00000392   0x00000392   0x00000000   Code   RO          318    .ARM.Collect$$libinit$$0000001B  c_w.l(libinit2.o)
    0x00000392   0x00000392   0x00000000   Code   RO          320    .ARM.Collect$$libinit$$0000001D  c_w.l(libinit2.o)
    0x00000392   0x00000392   0x00000000   Code   RO          322    .ARM.Collect$$libinit$$0000001F  c_w.l(libinit2.o)
    0x00000392   0x00000392   0x00000000   Code   RO          324    .ARM.Collect$$libinit$$00000021  c_w.l(libinit2.o)
    0x00000392   0x00000392   0x00000000   Code   RO          326    .ARM.Collect$$libinit$$00000023  c_w.l(libinit2.o)
    0x00000392   0x00000392   0x00000000   Code   RO          328    .ARM.Collect$$libinit$$00000025  c_w.l(libinit2.o)
    0x00000392   0x00000392   0x00000000   Code   RO          330    .ARM.Collect$$libinit$$00000027  c_w.l(libinit2.o)
    0x00000392   0x00000392   0x00000000   Code   RO          334    .ARM.Collect$$libinit$$0000002E  c_w.l(libinit2.o)
    0x00000392   0x00000392   0x00000000   Code   RO          336    .ARM.Collect$$libinit$$00000030  c_w.l(libinit2.o)
    0x00000392   0x00000392   0x00000000   Code   RO          338    .ARM.Collect$$libinit$$00000032  c_w.l(libinit2.o)
    0x00000392   0x00000392   0x00000000   Code   RO          340    .ARM.Collect$$libinit$$00000034  c_w.l(libinit2.o)
    0x00000392   0x00000392   0x00000002   Code   RO          341    .ARM.Collect$$libinit$$00000035  c_w.l(libinit2.o)
    0x00000394   0x00000394   0x00000002   Code   RO          365    .ARM.Collect$$libshutdown$$00000000  c_w.l(libshutdown.o)
    0x00000396   0x00000396   0x00000000   Code   RO          380    .ARM.Collect$$libshutdown$$00000002  c_w.l(libshutdown2.o)
    0x00000396   0x00000396   0x00000000   Code   RO          382    .ARM.Collect$$libshutdown$$00000004  c_w.l(libshutdown2.o)
    0x00000396   0x00000396   0x00000000   Code   RO          385    .ARM.Collect$$libshutdown$$00000007  c_w.l(libshutdown2.o)
    0x00000396   0x00000396   0x00000000   Code   RO          388    .ARM.Collect$$libshutdown$$0000000A  c_w.l(libshutdown2.o)
    0x00000396   0x00000396   0x00000000   Code   RO          390    .ARM.Collect$$libshutdown$$0000000C  c_w.l(libshutdown2.o)
    0x00000396   0x00000396   0x00000000   Code   RO          393    .ARM.Collect$$libshutdown$$0000000F  c_w.l(libshutdown2.o)
    0x00000396   0x00000396   0x00000002   Code   RO          394    .ARM.Collect$$libshutdown$$00000010  c_w.l(libshutdown2.o)
    0x00000398   0x00000398   0x00000000   Code   RO           94    .ARM.Collect$$rtentry$$00000000  c_w.l(__rtentry.o)
    0x00000398   0x00000398   0x00000000   Code   RO          195    .ARM.Collect$$rtentry$$00000002  c_w.l(__rtentry2.o)
    0x00000398   0x00000398   0x00000006   Code   RO          207    .ARM.Collect$$rtentry$$00000004  c_w.l(__rtentry4.o)
    0x0000039e   0x0000039e   0x00000000   Code   RO          197    .ARM.Collect$$rtentry$$00000009  c_w.l(__rtentry2.o)
    0x0000039e   0x0000039e   0x00000004   Code   RO          198    .ARM.Collect$$rtentry$$0000000A  c_w.l(__rtentry2.o)
    0x000003a2   0x000003a2   0x00000000   Code   RO          200    .ARM.Collect$$rtentry$$0000000C  c_w.l(__rtentry2.o)
    0x000003a2   0x000003a2   0x00000008   Code   RO          201    .ARM.Collect$$rtentry$$0000000D  c_w.l(__rtentry2.o)
    0x000003aa   0x000003aa   0x00000002   Code   RO          286    .ARM.Collect$$rtexit$$00000000  c_w.l(rtexit.o)
    0x000003ac   0x000003ac   0x00000000   Code   RO          343    .ARM.Collect$$rtexit$$00000002  c_w.l(rtexit2.o)
    0x000003ac   0x000003ac   0x00000004   Code   RO          344    .ARM.Collect$$rtexit$$00000003  c_w.l(rtexit2.o)
    0x000003b0   0x000003b0   0x00000006   Code   RO          345    .ARM.Collect$$rtexit$$00000004  c_w.l(rtexit2.o)
    0x000003b6   0x000003b6   0x00000002   PAD
    0x000003b8   0x000003b8   0x00000290   Code   RO            2    .text               lcd_driver.o
    0x00000648   0x00000648   0x000000ec   Code   RO           62    .text               outstr.o
    0x00000734   0x00000734   0x00000114   Code   RO           68  * .text               startup_tm4c123.o
    0x00000848   0x00000848   0x0000002c   Code   RO           88    .text               c_w.l(sprintf.o)
    0x00000874   0x00000874   0x00000006   Code   RO           90    .text               c_w.l(heapauxi.o)
    0x0000087a   0x0000087a   0x0000004e   Code   RO           97    .text               c_w.l(_printf_pad.o)
    0x000008c8   0x000008c8   0x00000024   Code   RO           99    .text               c_w.l(_printf_truncate.o)
    0x000008ec   0x000008ec   0x00000052   Code   RO          101    .text               c_w.l(_printf_str.o)
    0x0000093e   0x0000093e   0x00000002   PAD
    0x00000940   0x00000940   0x00000078   Code   RO          103    .text               c_w.l(_printf_dec.o)
    0x000009b8   0x000009b8   0x00000028   Code   RO          105    .text               c_w.l(_printf_charcount.o)
    0x000009e0   0x000009e0   0x00000030   Code   RO          107    .text               c_w.l(_printf_char_common.o)
    0x00000a10   0x00000a10   0x0000000a   Code   RO          109    .text               c_w.l(_sputc.o)
    0x00000a1a   0x00000a1a   0x00000002   PAD
    0x00000a1c   0x00000a1c   0x000000bc   Code   RO          111    .text               c_w.l(_printf_wctomb.o)
    0x00000ad8   0x00000ad8   0x0000007c   Code   RO          114    .text               c_w.l(_printf_longlong_dec.o)
    0x00000b54   0x00000b54   0x00000070   Code   RO          120    .text               c_w.l(_printf_oct_int_ll.o)
    0x00000bc4   0x00000bc4   0x00000094   Code   RO          140    .text               c_w.l(_printf_hex_int_ll_ptr.o)
    0x00000c58   0x00000c58   0x00000188   Code   RO          160    .text               c_w.l(__printf_flags_ss_wp.o)
    0x00000de0   0x00000de0   0x0000008a   Code   RO          209    .text               c_w.l(lludiv10.o)
    0x00000e6a   0x00000e6a   0x000000b2   Code   RO          211    .text               c_w.l(_printf_intcommon.o)
    0x00000f1c   0x00000f1c   0x0000041c   Code   RO          213    .text               c_w.l(_printf_fp_dec.o)
    0x00001338   0x00001338   0x000002fc   Code   RO          217    .text               c_w.l(_printf_fp_hex.o)
    0x00001634   0x00001634   0x0000002c   Code   RO          222    .text               c_w.l(_printf_char.o)
    0x00001660   0x00001660   0x0000002c   Code   RO          224    .text               c_w.l(_printf_wchar.o)
    0x0000168c   0x0000168c   0x00000048   Code   RO          227    .text               c_w.l(_c16rtomb.o)
    0x000016d4   0x000016d4   0x0000004a   Code   RO          229    .text               c_w.l(sys_stackheap_outer.o)
    0x0000171e   0x0000171e   0x00000002   PAD
    0x00001720   0x00001720   0x00000010   Code   RO          231    .text               c_w.l(rt_ctype_table.o)
    0x00001730   0x00001730   0x00000008   Code   RO          236    .text               c_w.l(rt_locale_intlibspace.o)
    0x00001738   0x00001738   0x00000080   Code   RO          238    .text               c_w.l(_printf_fp_infnan.o)
    0x000017b8   0x000017b8   0x000000e4   Code   RO          240    .text               c_w.l(bigflt0.o)
    0x0000189c   0x0000189c   0x00000012   Code   RO          270    .text               c_w.l(exit.o)
    0x000018ae   0x000018ae   0x00000002   PAD
    0x000018b0   0x000018b0   0x00000008   Code   RO          283    .text               c_w.l(libspace.o)
    0x000018b8   0x000018b8   0x0000007c   Code   RO          293    .text               c_w.l(strcmpv7em.o)
    0x00001934   0x00001934   0x0000000c   Code   RO          355    .text               c_w.l(sys_exit.o)
    0x00001940   0x00001940   0x00000002   Code   RO          370    .text               c_w.l(use_no_semi.o)
    0x00001942   0x00001942   0x00000000   Code   RO          372    .text               c_w.l(indicate_semi.o)
    0x00001942   0x00001942   0x00000002   PAD
    0x00001944   0x00001944   0x00000048   Code   RO           14    .text.LEDnMotorInitialization  main.o
    0x0000198c   0x0000198c   0x00000058   Code   RO           10    .text.SW_Init       main.o
    0x000019e4   0x000019e4   0x0000000e   Code   RO           38    .text.SysTick_Handler  main.o
    0x000019f2   0x000019f2   0x00000002   PAD
    0x000019f4   0x000019f4   0x00000012   Code   RO           77    .text.SystemInit    system_tm4c123.o
    0x00001a06   0x00001a06   0x00000002   PAD
    0x00001a08   0x00001a08   0x00000010   Code   RO           30    .text.TIMER0A_Handler  main.o
    0x00001a18   0x00001a18   0x00000010   Code   RO           34    .text.TIMER1A_Handler  main.o
    0x00001a28   0x00001a28   0x000000da   Code   RO           20    .text.WaterSensor_ADC_Initialization  main.o
    0x00001b02   0x00001b02   0x00000002   PAD
    0x00001b04   0x00001b04   0x000003de   Code   RO           42    .text.main          main.o
    0x00001ee2   0x00001ee2   0x00000002   PAD
    0x00001ee4   0x00001ee4   0x0000001c   Code   RO           24    .text.num2str       main.o
    0x00001f00   0x00001f00   0x0000004c   Code   RO           18    .text.readLimits    main.o
    0x00001f4c   0x00001f4c   0x00000038   Code   RO           12    .text.readSW        main.o
    0x00001f84   0x00001f84   0x0000004c   Code   RO           22    .text.readWaterLevel  main.o
    0x00001fd0   0x00001fd0   0x000000b8   Code   RO           16    .text.setLimit_ADC_Initialization  main.o
    0x00002088   0x00002088   0x00000028   Code   RO           36    .text.sysTick_1sec_delay  main.o
    0x000020b0   0x000020b0   0x00000086   Code   RO           40    .text.updateLED     main.o
    0x00002136   0x00002136   0x0000003e   Code   RO          243    CL$$btod_d2e        c_w.l(btod.o)
    0x00002174   0x00002174   0x00000046   Code   RO          245    CL$$btod_d2e_denorm_low  c_w.l(btod.o)
    0x000021ba   0x000021ba   0x00000060   Code   RO          244    CL$$btod_d2e_norm_op1  c_w.l(btod.o)
    0x0000221a   0x0000221a   0x00000002   PAD
    0x0000221c   0x0000221c   0x00000338   Code   RO          253    CL$$btod_div_common  c_w.l(btod.o)
    0x00002554   0x00002554   0x000000dc   Code   RO          250    CL$$btod_e2e        c_w.l(btod.o)
    0x00002630   0x00002630   0x0000002a   Code   RO          247    CL$$btod_ediv       c_w.l(btod.o)
    0x0000265a   0x0000265a   0x0000002a   Code   RO          246    CL$$btod_emul       c_w.l(btod.o)
    0x00002684   0x00002684   0x00000244   Code   RO          252    CL$$btod_mult_common  c_w.l(btod.o)
    0x000028c8   0x000028c8   0x00000030   Code   RO          281    i.__ARM_fpclassify  m_wm.l(fpclassify.o)
    0x000028f8   0x000028f8   0x0000000e   Code   RO          153    i._is_digit         c_w.l(__printf_wp.o)
    0x00002906   0x00002906   0x00000002   PAD
    0x00002908   0x00002908   0x0000002c   Code   RO          268    locale$$code        c_w.l(lc_numeric_c.o)
    0x00002934   0x00002934   0x0000002c   Code   RO          291    locale$$code        c_w.l(lc_ctype_c.o)
    0x00002960   0x00002960   0x00000223   Code   RO            1    routines            lcd_driver.o
    0x00002b83   0x00002b83   0x00000001   PAD
    0x00002b84   0x00002b84   0x0000001a   Code   RO          353    x$fpl$fpinit        fz_wm.l(fpinit.o)
    0x00002b9e   0x00002b9e   0x00000004   Code   RO          186    x$fpl$printf1       fz_wm.l(printf1.o)
    0x00002ba2   0x00002ba2   0x00000004   Code   RO          188    x$fpl$printf2       fz_wm.l(printf2.o)
    0x00002ba6   0x00002ba6   0x00000000   Code   RO          280    x$fpl$usenofp       fz_wm.l(usenofp.o)
    0x00002ba6   0x00002ba6   0x00000002   PAD
    0x00002ba8   0x00002ba8   0x00000008   Data   RO          112    .constdata          c_w.l(_printf_wctomb.o)
    0x00002bb0   0x00002bb0   0x00000028   Data   RO          141    .constdata          c_w.l(_printf_hex_int_ll_ptr.o)
    0x00002bd8   0x00002bd8   0x00000011   Data   RO          161    .constdata          c_w.l(__printf_flags_ss_wp.o)
    0x00002be9   0x00002be9   0x00000026   Data   RO          218    .constdata          c_w.l(_printf_fp_hex.o)
    0x00002c0f   0x00002c0f   0x00000001   PAD
    0x00002c10   0x00002c10   0x00000094   Data   RO          241    .constdata          c_w.l(bigflt0.o)
    0x00002ca4   0x00002ca4   0x0000005e   Data   RO           51    .rodata.str1.1      main.o
    0x00002d02   0x00002d02   0x00000002   PAD
    0x00002d04   0x00002d04   0x00000020   Data   RO          428    Region$$Table       anon$$obj.o
    0x00002d24   0x00002d24   0x0000001c   Data   RO          267    locale$$data        c_w.l(lc_numeric_c.o)
    0x00002d40   0x00002d40   0x00000110   Data   RO          290    locale$$data        c_w.l(lc_ctype_c.o)


    Execution Region ER_RW (Exec base: 0x20000000, Load base: 0x00002e50, Size: 0x00000004, Max: 0xffffffff, ABSOLUTE)

    Exec Addr    Load Addr    Size         Type   Attr      Idx    E Section Name        Object

    0x20000000   0x00002e50   0x00000001   Data   RW           45    .data.plotCounter   main.o


    Execution Region ER_ZI (Exec base: 0x20000008, Load base: 0x00002e54, Size: 0x000006e0, Max: 0xffffffff, ABSOLUTE)

    Exec Addr    Load Addr    Size         Type   Attr      Idx    E Section Name        Object

    0x20000008        -       0x00000060   Zero   RW          284    .bss                c_w.l(libspace.o)
    0x20000068        -       0x00000400   Zero   RW           54    .bss.buffer         main.o
    0x20000468        -       0x00000004   Zero   RW           52    .bss.currLevel      main.o
    0x2000046c        -       0x00000004   Zero   RW           44    .bss.currentBufferSize  main.o
    0x20000470        -       0x00000004   Zero   RW           48    .bss.highLimit      main.o
    0x20000474        -       0x00000004   Zero   RW           47    .bss.lowLimit       main.o
    0x20000478        -       0x00000001   Zero   RW           50    .bss.modeChangeFlag  main.o
    0x20000479        -       0x00000001   Zero   RW           49    .bss.sensorFlag     main.o
    0x2000047a   0x00002e54   0x00000002   PAD
    0x2000047c        -       0x00000004   Zero   RW           46    .bss.state          main.o
    0x20000480        -       0x00000064   Zero   RW           53    .bss.str            main.o
    0x200004e4   0x00002e54   0x00000004   PAD
    0x200004e8        -       0x00000000   Zero   RW           66    HEAP                startup_tm4c123.o
    0x200004e8        -       0x00000200   Zero   RW           65    STACK               startup_tm4c123.o


==============================================================================

Image component sizes


      Code (inc. data)   RO Data    RW Data    ZI Data      Debug   Object Name

      1203        617          0          0          0        636   lcd_driver.o
      2008          0         94          1       1146      11171   main.o
       236         54          0          0          0        284   outstr.o
       276         24        620          0        512       5440   startup_tm4c123.o
        18          0          0          0          0       6621   system_tm4c123.o

    ----------------------------------------------------------------------
      3750        696        748          4       1664      24152   Object Totals
         0          0         32          0          0          0   (incl. Generated)
         9          1          2          3          6          0   (incl. Padding)

    ----------------------------------------------------------------------

      Code (inc. data)   RO Data    RW Data    ZI Data      Debug   Library Member Name

         8          0          0          0          0         68   __main.o
       392          4         17          0          0         92   __printf_flags_ss_wp.o
        14          0          0          0          0         68   __printf_wp.o
         0          0          0          0          0          0   __rtentry.o
        12          0          0          0          0          0   __rtentry2.o
         6          0          0          0          0          0   __rtentry4.o
        52          8          0          0          0          0   __scatter.o
        26          0          0          0          0          0   __scatter_copy.o
        28          0          0          0          0          0   __scatter_zi.o
        72          0          0          0          0         96   _c16rtomb.o
         6          0          0          0          0          0   _printf_a.o
         6          0          0          0          0          0   _printf_c.o
        44          0          0          0          0        108   _printf_char.o
        48          6          0          0          0         96   _printf_char_common.o
        40          0          0          0          0         68   _printf_charcount.o
         6          0          0          0          0          0   _printf_d.o
       120         16          0          0          0         92   _printf_dec.o
         6          0          0          0          0          0   _printf_e.o
         6          0          0          0          0          0   _printf_f.o
      1052          0          0          0          0        148   _printf_fp_dec.o
       764          8         38          0          0        100   _printf_fp_hex.o
       128         16          0          0          0         84   _printf_fp_infnan.o
         6          0          0          0          0          0   _printf_g.o
       148          4         40          0          0        160   _printf_hex_int_ll_ptr.o
         6          0          0          0          0          0   _printf_i.o
       178          0          0          0          0         88   _printf_intcommon.o
        10          0          0          0          0          0   _printf_l.o
         6          0          0          0          0          0   _printf_lc.o
        10          0          0          0          0          0   _printf_ll.o
         6          0          0          0          0          0   _printf_lld.o
         6          0          0          0          0          0   _printf_lli.o
         6          0          0          0          0          0   _printf_llo.o
         6          0          0          0          0          0   _printf_llu.o
         6          0          0          0          0          0   _printf_llx.o
       124         16          0          0          0         92   _printf_longlong_dec.o
         6          0          0          0          0          0   _printf_ls.o
         6          0          0          0          0          0   _printf_n.o
         6          0          0          0          0          0   _printf_o.o
       112          8          0          0          0        124   _printf_oct_int_ll.o
         6          0          0          0          0          0   _printf_p.o
        78          0          0          0          0        108   _printf_pad.o
         0          0          0          0          0          0   _printf_percent.o
         4          0          0          0          0          0   _printf_percent_end.o
         6          0          0          0          0          0   _printf_s.o
        82          0          0          0          0         80   _printf_str.o
        36          0          0          0          0         84   _printf_truncate.o
         6          0          0          0          0          0   _printf_u.o
        44          0          0          0          0        108   _printf_wchar.o
       188          6          8          0          0         92   _printf_wctomb.o
         6          0          0          0          0          0   _printf_x.o
        10          0          0          0          0         68   _sputc.o
       228          4        148          0          0         96   bigflt0.o
      1936        128          0          0          0        668   btod.o
        18          0          0          0          0         80   exit.o
         6          0          0          0          0        152   heapauxi.o
         0          0          0          0          0          0   indicate_semi.o
        44         10        272          0          0         76   lc_ctype_c.o
        44         10         28          0          0         76   lc_numeric_c.o
         2          0          0          0          0          0   libinit.o
        34          0          0          0          0          0   libinit2.o
         2          0          0          0          0          0   libshutdown.o
         2          0          0          0          0          0   libshutdown2.o
         8          4          0          0         96         68   libspace.o
       138          0          0          0          0         80   lludiv10.o
        16          4          0          0          0         76   rt_ctype_table.o
         8          4          0          0          0         68   rt_locale_intlibspace.o
         2          0          0          0          0          0   rtexit.o
        10          0          0          0          0          0   rtexit2.o
        44          6          0          0          0         84   sprintf.o
       124          0          0          0          0         88   strcmpv7em.o
        12          4          0          0          0         68   sys_exit.o
        74          0          0          0          0         80   sys_stackheap_outer.o
         2          0          0          0          0         68   use_no_semi.o
        26          0          0          0          0        116   fpinit.o
         4          0          0          0          0        116   printf1.o
         4          0          0          0          0        116   printf2.o
         0          0          0          0          0          0   usenofp.o
        48          0          0          0          0        124   fpclassify.o

    ----------------------------------------------------------------------
      6806        266        552          0         96       4324   Library Totals
        20          0          1          0          0          0   (incl. Padding)

    ----------------------------------------------------------------------

      Code (inc. data)   RO Data    RW Data    ZI Data      Debug   Library Name

      6704        266        551          0         96       3852   c_w.l
        34          0          0          0          0        348   fz_wm.l
        48          0          0          0          0        124   m_wm.l

    ----------------------------------------------------------------------
      6806        266        552          0         96       4324   Library Totals

    ----------------------------------------------------------------------

==============================================================================


      Code (inc. data)   RO Data    RW Data    ZI Data      Debug   

     10556        962       1300          4       1760      26228   Grand Totals
     10556        962       1300          4       1760      26228   ELF Image Totals
     10556        962       1300          4          0          0   ROM Totals

==============================================================================

    Total RO  Size (Code + RO Data)                11856 (  11.58kB)
    Total RW  Size (RW Data + ZI Data)              1764 (   1.72kB)
    Total ROM Size (Code + RO Data + RW Data)      11860 (  11.58kB)

==============================================================================

